###############################################################################
#
# IAR ELF Linker V8.10.1.12857/W32 for ARM                17/Apr/2019  20:42:33
# Copyright 2007-2017 IAR Systems AB.
#
#    Output file  =  
#        E:\MovingTrackStroeFile\MovingTrackStroeProject\src\app\proj\Debug\Exe\app.out
#    Map file     =  
#        E:\MovingTrackStroeFile\MovingTrackStroeProject\src\app\proj\Debug\List\app.map
#    Command line =  
#        -f C:\Users\xxk\AppData\Local\Temp\EWB891.tmp
#        (E:\MovingTrackStroeFile\MovingTrackStroeProject\src\app\proj\Debug\Obj\app.o
#        E:\MovingTrackStroeFile\MovingTrackStroeProject\src\app\proj\Debug\Obj\app_dbg.o
#        E:\MovingTrackStroeFile\MovingTrackStroeProject\src\app\proj\Debug\Obj\app_gps.o
#        E:\MovingTrackStroeFile\MovingTrackStroeProject\src\app\proj\Debug\Obj\app_handle.o
#        E:\MovingTrackStroeFile\MovingTrackStroeProject\src\app\proj\Debug\Obj\app_uart_cfg.o
#        E:\MovingTrackStroeFile\MovingTrackStroeProject\src\app\proj\Debug\Obj\control_io.o
#        E:\MovingTrackStroeFile\MovingTrackStroeProject\src\app\proj\Debug\Obj\device.o
#        E:\MovingTrackStroeFile\MovingTrackStroeProject\src\app\proj\Debug\Obj\init.o
#        E:\MovingTrackStroeFile\MovingTrackStroeProject\src\platform\proj\Debug\Exe\platform.a
#        E:\MovingTrackStroeFile\MovingTrackStroeProject\src\sensor\proj\Debug\Exe\sensor.a
#        E:\MovingTrackStroeFile\MovingTrackStroeProject\src\stack\proj\Debug\Exe\stack.a
#        E:\MovingTrackStroeFile\MovingTrackStroeProject\src\app\proj\Debug\Obj\test.o
#        -o
#        E:\MovingTrackStroeFile\MovingTrackStroeProject\src\app\proj\Debug\Exe\app.out
#        --map
#        E:\MovingTrackStroeFile\MovingTrackStroeProject\src\app\proj\Debug\List\app.map
#        --config
#        E:\MovingTrackStroeFile\MovingTrackStroeProject\iar\linker\msp432p401r.icf
#        --entry __iar_program_start --vfe --text_out locale)
#
###############################################################################

*******************************************************************************
*** RUNTIME MODEL ATTRIBUTES
***

CppFlavor       = *
__SystemLibrary = DLib
__dlib_version  = 6


*******************************************************************************
*** HEAP SELECTION
***

The basic heap was selected because no calls to memory allocation
functions were found in the application outside of system library
functions, and there are calls to deallocation functions in the
application.


*******************************************************************************
*** PLACEMENT SUMMARY
***

"A0":  place at 0x20000000 { rw section .ram_intvec };
"A1":  place at 0x00008000 { ro section .intvec };
"P1":  place in [from 0x00008000 to 0x0003ffff] { ro };
"P3":  place in [from 0x00000000 to 0x00000000] |
                [from 0x20000000 to 0x2000ffff] { rw, block CSTACK, block HEAP };
do not initialize { section .noinit };
initialize by copy { rw };

  Section            Kind        Address     Size  Object
  -------            ----        -------     ----  ------
"A1":                                        0xe4
  .intvec            const    0x00008000     0xe4  startup_msp432p401r_ewarm.o [5]
                            - 0x000080e4     0xe4

"P1":                                     0x10f20
  .text              ro code  0x000080e4   0x2568  test.o [1]
  .text              ro code  0x0000a64c     0xe4  debug.o [5]
  .text              ro code  0x0000a730    0x838  hal_uart.o [5]
  .text              ro code  0x0000af68    0x12e  memory.o [5]
  .text              ro code  0x0000b096     0x2c  strstr.o [3]
  .text              ro code  0x0000b0c2     0x26  xencoding_8859_1.o [3]
  .text              ro code  0x0000b0e8     0x28  sscanf.o [3]
  .text              ro code  0x0000b110    0x72c  hal_rf.o [5]
  .text              ro code  0x0000b83c    0x2f4  device.o [1]
  .text              ro code  0x0000bb30    0x298  osel_event.o [5]
  .text              ro code  0x0000bdc8    0x3a0  hal_misc.o [5]
  .text              ro code  0x0000c168    0x160  osel_task.o [5]
  .text              ro code  0x0000c2c8     0x36  strlen.o [6]
  .text              ro code  0x0000c2fe     0x1e  xsscin.o [3]
  .text              ro code  0x0000c31c     0x24  check.o [5]
  .text              ro code  0x0000c340    0x460  hal_timer.o [5]
  .text              ro code  0x0000c7a0     0x48  FltToDbl.o [4]
  .text              ro code  0x0000c7e8    0x22c  gpio.o [5]
  .text              ro code  0x0000ca14    0x410  hal_mem.o [5]
  .text              ro code  0x0000ce24     0x66  ABImemset.o [6]
  .text              ro code  0x0000ce8a      0xa  xsprout.o [3]
  .text              ro code  0x0000ce94     0x40  sprintf.o [3]
  .text              ro code  0x0000ced4     0x38  vsprintf.o [3]
  .text              ro code  0x0000cf0c    0x6f0  cs.o [5]
  .text              ro code  0x0000d5fc     0x1a  U32ToDbl.o [4]
  .text              ro code  0x0000d618    0x246  DblDiv.o [4]
  .text              ro code  0x0000d860     0x28  DblToU32.o [4]
  .text              ro code  0x0000d888     0xe2  DblSub.o [4]
  .text              ro code  0x0000d96c    0x192  DblMul.o [4]
  .text              ro code  0x0000db00    0x214  uart.o [5]
  .text              ro code  0x0000dd14     0xcc  queue.o [5]
  .text              ro code  0x0000dde0    0x440  lib_mem.o [5]
  .text              ro code  0x0000e220     0x16  strchr.o [6]
  .text              ro code  0x0000e238    0x6e0  xscanfsmall_nomb.o [3]
  CODE               ro code  0x0000e918     0xec  os_cpu_a.o [5]
  .text              ro code  0x0000ea04     0x10  rand.o [3]
  .text              ro code  0x0000ea14    0x192  os_sem.o [5]
  .text              ro code  0x0000eba8    0x2b8  os_q.o [5]
  .text              ro code  0x0000ee60    0x170  interrupt.o [5]
  .text              ro code  0x0000efd0    0x2f8  system_msp432p401r.o [5]
  .text              ro code  0x0000f2c8     0x90  sysctl.o [5]
  .text              ro code  0x0000f358    0x62c  pcm.o [5]
  .text              ro code  0x0000f984    0xe40  flash.o [5]
  .text              ro code  0x000107c4    0x348  os_task.o [5]
  .text              ro code  0x00010b0c     0xcc  timer_a.o [5]
  .text              ro code  0x00010bd8     0xce  timer32.o [5]
  .text              ro code  0x00010ca8     0x48  U64ToFlt.o [4]
  .text              ro code  0x00010cf0    0x178  DblAdd.o [4]
  .text              ro code  0x00010e68     0x52  DblToU64.o [4]
  .text              ro code  0x00010ebc    0xf56  xprintffull.o [3]
  .text              ro code  0x00011e14      0x2  cpu_core.o [5]
  .text              ro code  0x00011e16     0x14  isspace.o [3]
  .text              ro code  0x00011e2c     0x44  xfail_s.o [3]
  .text              ro code  0x00011e70     0xf8  xlocale_c.o [3]
  .text              ro code  0x00011f68     0x86  iar_Stolx.o [3]
  .text              ro code  0x00011ff0    0x16c  iar_Stoulx.o [3]
  .text              ro code  0x0001215c    0x2a4  os_cpu_c.o [5]
  .text              ro code  0x00012400    0x63c  os_core.o [5]
  .text              ro code  0x00012a3c     0x1c  cpu.o [5]
  .text              ro code  0x00012a58     0x18  wdt_a.o [5]
  .text              ro code  0x00012a70    0x164  rtc_c.o [5]
  .text              ro code  0x00012bd4     0x58  memchr.o [6]
  .text              ro code  0x00012c2c      0xa  xmbcurmax.o [3]
  .text              ro code  0x00012c38     0xa6  ABImemcpy.o [6]
  .text              ro code  0x00012ce0     0xee  I64DivMod.o [6]
  .text              ro code  0x00012dd0     0x70  frexp.o [4]
  .text              ro code  0x00012e40     0x2e  DblCmpLe.o [4]
  .text              ro code  0x00012e70     0x2e  DblCmpGe.o [4]
  .text              ro code  0x00012ea0    0x13a  ldexp.o [4]
  .text              ro code  0x00012fdc     0x3a  DblToS32.o [4]
  .text              ro code  0x00013018     0x22  S32ToDbl.o [4]
  .text              ro code  0x0001303a      0xe  div.o [3]
  .text              ro code  0x00013048      0x6  abort.o [3]
  .text              ro code  0x0001304e     0x14  tolower.o [3]
  .text              ro code  0x00013064      0x2  I64DivZer.o [6]
  .text              ro code  0x00013068      0xc  XXexit.o [6]
  .text              ro code  0x00013074   0x10b4  app_handle.o [1]
  .text              ro code  0x00014128    0x6f4  app_gps.o [1]
  .text              ro code  0x0001481c     0xfc  kbuf.o [5]
  .text              ro code  0x00014918     0x9e  list.o [5]
  .text              ro code  0x000149b8    0x1d8  app.o [1]
  .text              ro code  0x00014b90    0x6b2  control_io.o [1]
  .text              ro code  0x00015244    0x1a0  stack.o [8]
  .text              ro code  0x000153e4     0x88  app_dbg.o [1]
  .text              ro code  0x0001546c    0x1b8  hal_rtc.o [5]
  .text              ro code  0x00015624     0x3c  mac_pib.o [8]
  .text              ro code  0x00015660    0xa40  mac_handle.o [8]
  .text              ro code  0x000160a0    0x1b4  mac_slot.o [8]
  .text              ro code  0x00016254    0x4e4  hal_stimer.o [5]
  .text              ro code  0x00016738    0x428  adc14.o [5]
  .text              ro code  0x00016b60    0x320  fxos8700cq.o [7]
  .text              ro code  0x00016e80    0x220  hal_i2c.o [5]
  .text              ro code  0x000170a0    0x144  hal_adc.o [5]
  .text              ro code  0x000171e4     0x30  ref_a.o [5]
  .rodata            const    0x00017214    0x134  test.o [1]
  .text              ro code  0x00017348    0x130  sensor.o [7]
  .rodata            const    0x00017478    0x118  hal_rf.o [5]
  .rodata            const    0x00017590    0x100  check.o [5]
  .rodata            const    0x00017690    0x100  os_core.o [5]
  .rodata            const    0x00017790     0xe8  test.o [1]
  .text              ro code  0x00017878     0xe8  init.o [1]
  .text              ro code  0x00017960     0x40  osel_kernel.o [5]
  .rodata            const    0x000179a0     0xb4  test.o [1]
  .rodata            const    0x00017a54     0x80  adc14.o [5]
  .rodata            const    0x00017ad4     0x54  test.o [1]
  .rodata            const    0x00017b28     0x50  test.o [1]
  .rodata            const    0x00017b78     0x44  test.o [1]
  .text              ro code  0x00017bbc     0x40  zero_init3.o [6]
  .rodata            const    0x00017bfc     0x34  test.o [1]
  .rodata            const    0x00017c30     0x34  hal_stimer.o [5]
  .rodata            const    0x00017c64     0x30  app_handle.o [1]
  .rodata            const    0x00017c94     0x30  app_handle.o [1]
  .rodata            const    0x00017cc4     0x30  test.o [1]
  .rodata            const    0x00017cf4     0x30  gpio.o [5]
  .rodata            const    0x00017d24     0x2c  test.o [1]
  .rodata            const    0x00017d50     0x2c  test.o [1]
  .rodata            const    0x00017d7c     0x2c  test.o [1]
  .text              ro code  0x00017da8     0x2c  copy_init3.o [6]
  .rodata            const    0x00017dd4     0x28  test.o [1]
  .rodata            const    0x00017dfc     0x28  hal_misc.o [5]
  .text              ro code  0x00017e24     0x28  data_init.o [6]
  .rodata            const    0x00017e4c     0x24  lib_mem.o [5]
  .text              ro code  0x00017e70     0x22  fpinit_M.o [4]
  .iar.init_table    const    0x00017e94     0x24  - Linker created -
  .rodata            const    0x00017eb8     0x20  app_gps.o [1]
  .rodata            const    0x00017ed8     0x20  app_handle.o [1]
  .rodata            const    0x00017ef8     0x20  device.o [1]
  .rodata            const    0x00017f18     0x20  test.o [1]
  .rodata            const    0x00017f38     0x20  test.o [1]
  .rodata            const    0x00017f58     0x20  test.o [1]
  .rodata            const    0x00017f78     0x20  test.o [1]
  .rodata            const    0x00017f98     0x20  debug.o [5]
  .rodata            const    0x00017fb8     0x20  kbuf.o [5]
  .rodata            const    0x00017fd8     0x20  interrupt.o [5]
  .rodata            const    0x00017ff8     0x20  mac_slot.o [8]
  .rodata            const    0x00018018     0x20  mac_slot.o [8]
  .rodata            const    0x00018038     0x20  mac_slot.o [8]
  .rodata            const    0x00018058     0x1c  app.o [1]
  .rodata            const    0x00018074     0x1c  app_handle.o [1]
  .rodata            const    0x00018090     0x1c  app_handle.o [1]
  .rodata            const    0x000180ac     0x1c  device.o [1]
  .rodata            const    0x000180c8     0x1c  device.o [1]
  .rodata            const    0x000180e4     0x1c  init.o [1]
  .rodata            const    0x00018100     0x1c  init.o [1]
  .rodata            const    0x0001811c     0x1c  test.o [1]
  .rodata            const    0x00018138     0x1c  test.o [1]
  .rodata            const    0x00018154     0x1c  test.o [1]
  .rodata            const    0x00018170     0x1c  test.o [1]
  .rodata            const    0x0001818c     0x1c  test.o [1]
  .rodata            const    0x000181a8     0x1c  test.o [1]
  .rodata            const    0x000181c4     0x1c  test.o [1]
  .rodata            const    0x000181e0     0x1c  test.o [1]
  .rodata            const    0x000181fc     0x1c  test.o [1]
  .rodata            const    0x00018218     0x1c  test.o [1]
  .rodata            const    0x00018234     0x1c  test.o [1]
  .rodata            const    0x00018250     0x1c  stack.o [8]
  .rodata            const    0x0001826c     0x1c  stack.o [8]
  .rodata            const    0x00018288     0x1c  gpio.o [5]
  .rodata            const    0x000182a4     0x1c  kbuf.o [5]
  .rodata            const    0x000182c0     0x1c  sensor.o [7]
  .rodata            const    0x000182dc     0x1c  sensor.o [7]
  .rodata            const    0x000182f8     0x1c  fxos8700cq.o [7]
  .rodata            const    0x00018314     0x1c  fxos8700cq.o [7]
  .rodata            const    0x00018330     0x1c  mac_slot.o [8]
  .text              ro code  0x0001834c     0x1a  cmain.o [6]
  .text              ro code  0x00018366      0x4  low_level_init.o [3]
  .text              ro code  0x0001836a      0x4  exit.o [3]
  .text              ro code  0x00018370      0xa  cexit.o [6]
  .rodata            const    0x0001837c     0x18  app.o [1]
  .rodata            const    0x00018394     0x18  app_gps.o [1]
  .rodata            const    0x000183ac     0x18  app_gps.o [1]
  .rodata            const    0x000183c4     0x18  app_handle.o [1]
  .rodata            const    0x000183dc     0x18  app_handle.o [1]
  .rodata            const    0x000183f4     0x18  test.o [1]
  .rodata            const    0x0001840c     0x18  test.o [1]
  .rodata            const    0x00018424     0x18  test.o [1]
  .rodata            const    0x0001843c     0x18  test.o [1]
  .rodata            const    0x00018454     0x18  test.o [1]
  .rodata            const    0x0001846c     0x18  test.o [1]
  .rodata            const    0x00018484     0x18  test.o [1]
  .rodata            const    0x0001849c     0x18  test.o [1]
  .rodata            const    0x000184b4     0x18  test.o [1]
  .rodata            const    0x000184cc     0x18  test.o [1]
  .rodata            const    0x000184e4     0x18  test.o [1]
  .rodata            const    0x000184fc     0x18  test.o [1]
  .rodata            const    0x00018514     0x18  test.o [1]
  .rodata            const    0x0001852c     0x18  test.o [1]
  .rodata            const    0x00018544     0x18  test.o [1]
  .rodata            const    0x0001855c     0x18  test.o [1]
  .rodata            const    0x00018574     0x18  test.o [1]
  .rodata            const    0x0001858c     0x18  test.o [1]
  .rodata            const    0x000185a4     0x18  test.o [1]
  .rodata            const    0x000185bc     0x18  test.o [1]
  .rodata            const    0x000185d4     0x18  hal_misc.o [5]
  .rodata            const    0x000185ec     0x14  app_gps.o [1]
  .rodata            const    0x00018600     0x14  app_handle.o [1]
  .rodata            const    0x00018614     0x14  app_handle.o [1]
  .rodata            const    0x00018628     0x14  app_handle.o [1]
  .rodata            const    0x0001863c     0x14  device.o [1]
  .rodata            const    0x00018650     0x14  init.o [1]
  .rodata            const    0x00018664     0x14  test.o [1]
  .rodata            const    0x00018678     0x14  test.o [1]
  .rodata            const    0x0001868c     0x14  test.o [1]
  .rodata            const    0x000186a0     0x14  test.o [1]
  .rodata            const    0x000186b4     0x14  test.o [1]
  .rodata            const    0x000186c8     0x14  test.o [1]
  .rodata            const    0x000186dc     0x14  test.o [1]
  .rodata            const    0x000186f0     0x14  test.o [1]
  .rodata            const    0x00018704     0x14  test.o [1]
  .rodata            const    0x00018718     0x14  test.o [1]
  .rodata            const    0x0001872c     0x14  test.o [1]
  .rodata            const    0x00018740     0x14  test.o [1]
  .rodata            const    0x00018754     0x14  debug.o [5]
  .rodata            const    0x00018768     0x14  debug.o [5]
  .rodata            const    0x0001877c     0x14  debug.o [5]
  .rodata            const    0x00018790     0x14  hal_uart.o [5]
  .rodata            const    0x000187a4     0x14  hal_mem.o [5]
  .rodata            const    0x000187b8     0x14  hal_adc.o [5]
  .rodata            const    0x000187cc     0x14  sensor.o [7]
  .rodata            const    0x000187e0     0x14  lib_mem.o [5]
  CODE               ro code  0x000187f4     0x14  hard_fault.o [5]
  .rodata            const    0x00018808     0x10  app_gps.o [1]
  .rodata            const    0x00018818     0x10  app_handle.o [1]
  .rodata            const    0x00018828     0x10  app_handle.o [1]
  .rodata            const    0x00018838     0x10  app_handle.o [1]
  .rodata            const    0x00018848     0x10  app_handle.o [1]
  .rodata            const    0x00018858     0x10  app_handle.o [1]
  .rodata            const    0x00018868     0x10  app_handle.o [1]
  .rodata            const    0x00018878     0x10  app_handle.o [1]
  .rodata            const    0x00018888     0x10  app_handle.o [1]
  .rodata            const    0x00018898     0x10  app_handle.o [1]
  .rodata            const    0x000188a8     0x10  app_handle.o [1]
  .rodata            const    0x000188b8     0x10  app_handle.o [1]
  .rodata            const    0x000188c8     0x10  app_handle.o [1]
  .rodata            const    0x000188d8     0x10  control_io.o [1]
  .rodata            const    0x000188e8     0x10  control_io.o [1]
  .rodata            const    0x000188f8     0x10  control_io.o [1]
  .rodata            const    0x00018908     0x10  test.o [1]
  .rodata            const    0x00018918     0x10  test.o [1]
  .rodata            const    0x00018928     0x10  test.o [1]
  .rodata            const    0x00018938     0x10  test.o [1]
  .rodata            const    0x00018948     0x10  test.o [1]
  .rodata            const    0x00018958     0x10  test.o [1]
  .rodata            const    0x00018968     0x10  test.o [1]
  .rodata            const    0x00018978     0x10  test.o [1]
  .rodata            const    0x00018988     0x10  test.o [1]
  .rodata            const    0x00018998     0x10  test.o [1]
  .rodata            const    0x000189a8     0x10  test.o [1]
  .rodata            const    0x000189b8     0x10  test.o [1]
  .rodata            const    0x000189c8     0x10  hal_timer.o [5]
  .rodata            const    0x000189d8     0x10  hal_timer.o [5]
  .rodata            const    0x000189e8     0x10  stack.o [8]
  .rodata            const    0x000189f8     0x10  hal_misc.o [5]
  .rodata            const    0x00018a08     0x10  hal_misc.o [5]
  .rodata            const    0x00018a18     0x10  hal_misc.o [5]
  .rodata            const    0x00018a28     0x10  hal_misc.o [5]
  .rodata            const    0x00018a38     0x10  hal_misc.o [5]
  .rodata            const    0x00018a48     0x10  hal_misc.o [5]
  .rodata            const    0x00018a58     0x10  hal_misc.o [5]
  .rodata            const    0x00018a68     0x10  hal_mem.o [5]
  .rodata            const    0x00018a78     0x10  sensor.o [7]
  .rodata            const    0x00018a88     0x10  mac_handle.o [8]
  .rodata            const    0x00018a98     0x10  mac_handle.o [8]
  .rodata            const    0x00018aa8     0x10  fxos8700cq.o [7]
  .rodata            const    0x00018ab8     0x10  hal_stimer.o [5]
  .text              ro code  0x00018ac8      0xe  startup_msp432p401r_ewarm.o [5]
  .text              ro code  0x00018ad6      0xc  cstartup_M.o [6]
  .rodata            const    0x00018ae4      0xc  app.o [1]
  .rodata            const    0x00018af0      0xc  app_gps.o [1]
  .rodata            const    0x00018afc      0xc  app_handle.o [1]
  .rodata            const    0x00018b08      0xc  app_handle.o [1]
  .rodata            const    0x00018b14      0xc  device.o [1]
  .rodata            const    0x00018b20      0xc  test.o [1]
  .rodata            const    0x00018b2c      0xc  test.o [1]
  .rodata            const    0x00018b38      0xc  test.o [1]
  .rodata            const    0x00018b44      0xc  test.o [1]
  .rodata            const    0x00018b50      0xc  test.o [1]
  .rodata            const    0x00018b5c      0xc  test.o [1]
  .rodata            const    0x00018b68      0xc  test.o [1]
  .rodata            const    0x00018b74      0xc  test.o [1]
  .rodata            const    0x00018b80      0xc  test.o [1]
  .rodata            const    0x00018b8c      0xc  test.o [1]
  .rodata            const    0x00018b98      0xc  test.o [1]
  .rodata            const    0x00018ba4      0xc  test.o [1]
  .rodata            const    0x00018bb0      0xc  test.o [1]
  .rodata            const    0x00018bbc      0xc  test.o [1]
  .rodata            const    0x00018bc8      0xc  hal_uart.o [5]
  .rodata            const    0x00018bd4      0xc  hal_misc.o [5]
  .rodata            const    0x00018be0      0xc  hal_misc.o [5]
  .rodata            const    0x00018bec      0xc  hal_misc.o [5]
  .rodata            const    0x00018bf8      0xc  hal_misc.o [5]
  .rodata            const    0x00018c04      0xc  hal_misc.o [5]
  .rodata            const    0x00018c10      0xc  hal_misc.o [5]
  .rodata            const    0x00018c1c      0xc  hal_misc.o [5]
  .rodata            const    0x00018c28      0xc  hal_misc.o [5]
  .rodata            const    0x00018c34      0xc  hal_misc.o [5]
  .rodata            const    0x00018c40      0xc  hal_misc.o [5]
  .rodata            const    0x00018c4c      0xc  hal_misc.o [5]
  .rodata            const    0x00018c58      0xc  hal_misc.o [5]
  .rodata            const    0x00018c64      0xc  hal_mem.o [5]
  .rodata            const    0x00018c70      0xc  hal_adc.o [5]
  .rodata            const    0x00018c7c      0xc  sensor.o [7]
  .rodata            const    0x00018c88      0xc  hal_rf.o [5]
  .rodata            const    0x00018c94      0xc  hal_rf.o [5]
  .rodata            const    0x00018ca0      0xc  hal_rf.o [5]
  .rodata            const    0x00018cac      0xc  hal_rf.o [5]
  .rodata            const    0x00018cb8      0xc  hal_rf.o [5]
  .rodata            const    0x00018cc4      0xc  hal_rf.o [5]
  .rodata            const    0x00018cd0      0xc  hal_rf.o [5]
  .rodata            const    0x00018cdc      0xc  hal_rf.o [5]
  .rodata            const    0x00018ce8      0xc  hal_rf.o [5]
  .rodata            const    0x00018cf4      0xc  hal_rf.o [5]
  .rodata            const    0x00018d00      0xc  hal_rf.o [5]
  .rodata            const    0x00018d0c      0xc  hal_rf.o [5]
  .rodata            const    0x00018d18      0xc  hal_rf.o [5]
  .rodata            const    0x00018d24      0xc  hal_rf.o [5]
  .rodata            const    0x00018d30      0xc  hal_rf.o [5]
  .rodata            const    0x00018d3c      0xc  hal_rf.o [5]
  .rodata            const    0x00018d48      0xc  hal_rf.o [5]
  .rodata            const    0x00018d54      0xc  hal_rf.o [5]
  .rodata            const    0x00018d60      0xc  hal_rf.o [5]
  .rodata            const    0x00018d6c      0xc  hal_rf.o [5]
  .rodata            const    0x00018d78      0xc  hal_rf.o [5]
  .rodata            const    0x00018d84      0xc  hal_rf.o [5]
  .rodata            const    0x00018d90      0xc  hal_rf.o [5]
  .rodata            const    0x00018d9c      0xc  fxos8700cq.o [7]
  .rodata            const    0x00018da8      0xc  mac_slot.o [8]
  .rodata            const    0x00018db4      0x8  app.o [1]
  .rodata            const    0x00018dbc      0x8  app_handle.o [1]
  .rodata            const    0x00018dc4      0x8  app_handle.o [1]
  .rodata            const    0x00018dcc      0x8  app_handle.o [1]
  .rodata            const    0x00018dd4      0x8  app_handle.o [1]
  .rodata            const    0x00018ddc      0x8  app_handle.o [1]
  .rodata            const    0x00018de4      0x8  app_handle.o [1]
  .rodata            const    0x00018dec      0x8  app_handle.o [1]
  .rodata            const    0x00018df4      0x8  app_handle.o [1]
  .rodata            const    0x00018dfc      0x8  init.o [1]
  .rodata            const    0x00018e04      0x8  init.o [1]
  .rodata            const    0x00018e0c      0x8  test.o [1]
  .rodata            const    0x00018e14      0x8  test.o [1]
  .rodata            const    0x00018e1c      0x8  test.o [1]
  .rodata            const    0x00018e24      0x8  test.o [1]
  .rodata            const    0x00018e2c      0x8  test.o [1]
  .rodata            const    0x00018e34      0x8  test.o [1]
  .rodata            const    0x00018e3c      0x8  test.o [1]
  .rodata            const    0x00018e44      0x8  test.o [1]
  .rodata            const    0x00018e4c      0x8  test.o [1]
  .rodata            const    0x00018e54      0x8  test.o [1]
  .rodata            const    0x00018e5c      0x8  test.o [1]
  .rodata            const    0x00018e64      0x8  test.o [1]
  .rodata            const    0x00018e6c      0x8  test.o [1]
  .rodata            const    0x00018e74      0x8  debug.o [5]
  .rodata            const    0x00018e7c      0x8  stack.o [8]
  .rodata            const    0x00018e84      0x8  kbuf.o [5]
  .rodata            const    0x00018e8c      0x8  hal_rf.o [5]
  .rodata            const    0x00018e94      0x8  hal_rf.o [5]
  .rodata            const    0x00018e9c      0x8  hal_rf.o [5]
  .rodata            const    0x00018ea4      0x8  hal_rf.o [5]
  .rodata            const    0x00018eac      0x8  hal_rf.o [5]
  .rodata            const    0x00018eb4      0x8  hal_rf.o [5]
  .rodata            const    0x00018ebc      0x8  hal_rf.o [5]
  .rodata            const    0x00018ec4      0x8  hal_rf.o [5]
  .rodata            const    0x00018ecc      0x8  hal_rf.o [5]
  .rodata            const    0x00018ed4      0x8  hal_rf.o [5]
  .rodata            const    0x00018edc      0x8  hal_rf.o [5]
  .rodata            const    0x00018ee4      0x8  mac_handle.o [8]
  .rodata            const    0x00018eec      0x8  mac_handle.o [8]
  .rodata            const    0x00018ef4      0x8  lib_mem.o [5]
  .rodata            const    0x00018efc      0x8  interrupt.o [5]
  .rodata            const    0x00018f04      0x8  interrupt.o [5]
  .rodata            const    0x00018f0c      0x6  xlocale_c.o [3]
  .rodata            const    0x00018f14      0x4  app_handle.o [1]
  .rodata            const    0x00018f18      0x4  app_handle.o [1]
  .rodata            const    0x00018f1c      0x4  hal_rf.o [5]
  .rodata            const    0x00018f20      0x4  flash.o [5]
  .rodata            const    0x00018f24      0x4  flash.o [5]
  .rodata            const    0x00018f28      0x0  zero_init3.o [6]
  .rodata            const    0x00018f28      0x0  copy_init3.o [6]
  Initializer bytes  const    0x00018f28     0xdc  <for P3 s0>
                            - 0x00019004  0x10f20

"A0":                                        0xe8
  .ram_intvec        uninit   0x20000000     0xe8  interrupt.o [5]
                            - 0x200000e8     0xe8

"P3", part 1 of 3:                           0xdc
  P3 s0                       0x200000e8     0xdc  <Init block>
    .data            inited   0x200000e8     0x48  xlocale_c.o [3]
    .data            inited   0x20000130     0x40  flash.o [5]
    .data            inited   0x20000170     0x38  xlocale_c.o [3]
    .data            inited   0x200001a8      0x8  test.o [1]
    .data            inited   0x200001b0      0x8  rand.o [3]
    .data            inited   0x200001b8      0x4  system_msp432p401r.o [5]
    .data            inited   0x200001bc      0x1  app_handle.o [1]
    .data            inited   0x200001bd      0x1  app_handle.o [1]
    .data            inited   0x200001be      0x1  test.o [1]
    .data            inited   0x200001bf      0x1  debug.o [5]
    .data            inited   0x200001c0      0x1  mac_handle.o [8]
                            - 0x200001c4     0xdc

"P3", part 2 of 3:                         0x9934
  .bss               zero     0x200001c4   0x8000  lib_mem.o [5]
  .bss               zero     0x200081c4    0x800  os_core.o [5]
  .bss               zero     0x200089c4    0x800  os_cpu_c.o [5]
  .bss               zero     0x200091c4    0x150  os_core.o [5]
  .bss               zero     0x20009314    0x140  os_core.o [5]
  .bss               zero     0x20009454    0x100  app_gps.o [1]
  .bss               zero     0x20009554    0x100  os_core.o [5]
  .bss               zero     0x20009654     0xc0  os_core.o [5]
  .bss               zero     0x20009714     0x80  debug.o [5]
  .bss               zero     0x20009794     0x80  mac_handle.o [8]
  .bss               zero     0x20009814     0x48  hal_uart.o [5]
  .bss               zero     0x2000985c     0x48  hal_rf.o [5]
  .bss               zero     0x200098a4     0x3c  app_gps.o [1]
  .bss               zero     0x200098e0     0x34  hal_timer.o [5]
  .bss               zero     0x20009914     0x28  app_handle.o [1]
  .bss               zero     0x2000993c     0x18  osel_task.o [5]
  .bss               zero     0x20009954     0x14  test.o [1]
  .bss               zero     0x20009968     0x14  lib_mem.o [5]
  .bss               zero     0x2000997c     0x10  test.o [1]
  .bss               zero     0x2000998c     0x10  hal_mem.o [5]
  .bss               zero     0x2000999c     0x10  hal_rf.o [5]
  .bss               zero     0x200099ac      0xc  app_handle.o [1]
  .bss               zero     0x200099b8      0xc  fxos8700cq.o [7]
  .bss               zero     0x200099c4      0xc  mac_slot.o [8]
  .bss               zero     0x200099d0      0x8  app.o [1]
  .bss               zero     0x200099d8      0x8  stack.o [8]
  .bss               zero     0x200099e0      0x8  stack.o [8]
  .bss               zero     0x200099e8      0x8  stack.o [8]
  .bss               zero     0x200099f0      0x8  hal_mem.o [5]
  .bss               zero     0x200099f8      0x8  mac_handle.o [8]
  .bss               zero     0x20009a00      0x8  mac_pib.o [8]
  .bss               zero     0x20009a08      0x8  os_core.o [5]
  .bss               zero     0x20009a10      0x8  hal_stimer.o [5]
  .bss               zero     0x20009a18      0x8  hal_stimer.o [5]
  .bss               zero     0x20009a20      0x4  app.o [1]
  .bss               zero     0x20009a24      0x4  app.o [1]
  .bss               zero     0x20009a28      0x4  control_io.o [1]
  .bss               zero     0x20009a2c      0x4  control_io.o [1]
  .bss               zero     0x20009a30      0x4  control_io.o [1]
  .bss               zero     0x20009a34      0x4  device.o [1]
  .bss               zero     0x20009a38      0x4  init.o [1]
  .bss               zero     0x20009a3c      0x4  test.o [1]
  .bss               zero     0x20009a40      0x4  test.o [1]
  .bss               zero     0x20009a44      0x4  test.o [1]
  .bss               zero     0x20009a48      0x4  test.o [1]
  .bss               zero     0x20009a4c      0x4  test.o [1]
  .bss               zero     0x20009a50      0x4  test.o [1]
  .bss               zero     0x20009a54      0x4  test.o [1]
  .bss               zero     0x20009a58      0x4  osel_event.o [5]
  .bss               zero     0x20009a5c      0x4  osel_event.o [5]
  .bss               zero     0x20009a60      0x4  osel_task.o [5]
  .bss               zero     0x20009a64      0x4  stack.o [8]
  .bss               zero     0x20009a68      0x4  stack.o [8]
  .bss               zero     0x20009a6c      0x4  stack.o [8]
  .bss               zero     0x20009a70      0x4  stack.o [8]
  .bss               zero     0x20009a74      0x4  stack.o [8]
  .bss               zero     0x20009a78      0x4  stack.o [8]
  .bss               zero     0x20009a7c      0x4  kbuf.o [5]
  .bss               zero     0x20009a80      0x4  kbuf.o [5]
  .bss               zero     0x20009a84      0x4  sensor.o [7]
  .bss               zero     0x20009a88      0x4  sensor.o [7]
  .bss               zero     0x20009a8c      0x4  cs.o [5]
  .bss               zero     0x20009a90      0x4  cs.o [5]
  .bss               zero     0x20009a94      0x4  mac_handle.o [8]
  .bss               zero     0x20009a98      0x4  lib_mem.o [5]
  .bss               zero     0x20009a9c      0x4  os_core.o [5]
  .bss               zero     0x20009aa0      0x4  os_core.o [5]
  .bss               zero     0x20009aa4      0x4  os_core.o [5]
  .bss               zero     0x20009aa8      0x4  os_core.o [5]
  .bss               zero     0x20009aac      0x4  os_core.o [5]
  .bss               zero     0x20009ab0      0x4  os_core.o [5]
  .bss               zero     0x20009ab4      0x4  os_core.o [5]
  .bss               zero     0x20009ab8      0x4  os_core.o [5]
  .bss               zero     0x20009abc      0x4  os_core.o [5]
  .bss               zero     0x20009ac0      0x4  os_cpu_c.o [5]
  .bss               zero     0x20009ac4      0x4  mac_slot.o [8]
  .bss               zero     0x20009ac8      0x4  mac_slot.o [8]
  .bss               zero     0x20009acc      0x4  xfail_s.o [3]
  .bss               zero     0x20009ad0      0x2  app_gps.o [1]
  .bss               zero     0x20009ad2      0x2  test.o [1]
  .bss               zero     0x20009ad4      0x2  test.o [1]
  .bss               zero     0x20009ad6      0x2  hal_stimer.o [5]
  .bss               zero     0x20009ad8      0x1  app.o [1]
  .bss               zero     0x20009ad9      0x1  app_dbg.o [1]
  .bss               zero     0x20009ada      0x1  app_gps.o [1]
  .bss               zero     0x20009adb      0x1  app_handle.o [1]
  .bss               zero     0x20009adc      0x1  app_handle.o [1]
  .bss               zero     0x20009add      0x1  app_handle.o [1]
  .bss               zero     0x20009ade      0x1  app_handle.o [1]
  .bss               zero     0x20009adf      0x1  app_handle.o [1]
  .bss               zero     0x20009ae0      0x1  app_handle.o [1]
  .bss               zero     0x20009ae1      0x1  app_handle.o [1]
  .bss               zero     0x20009ae2      0x1  test.o [1]
  .bss               zero     0x20009ae3      0x1  test.o [1]
  .bss               zero     0x20009ae4      0x1  test.o [1]
  .bss               zero     0x20009ae5      0x1  test.o [1]
  .bss               zero     0x20009ae6      0x1  sensor.o [7]
  .bss               zero     0x20009ae7      0x1  hal_rf.o [5]
  .bss               zero     0x20009ae8      0x1  mac_handle.o [8]
  .bss               zero     0x20009ae9      0x1  mac_handle.o [8]
  .bss               zero     0x20009aea      0x1  mac_handle.o [8]
  .bss               zero     0x20009aeb      0x1  mac_handle.o [8]
  .bss               zero     0x20009aec      0x1  os_core.o [5]
  .bss               zero     0x20009aed      0x1  os_core.o [5]
  .bss               zero     0x20009aee      0x1  os_core.o [5]
  .bss               zero     0x20009aef      0x1  os_core.o [5]
  .bss               zero     0x20009af0      0x1  os_core.o [5]
  .bss               zero     0x20009af1      0x1  os_core.o [5]
  .bss               zero     0x20009af2      0x1  os_core.o [5]
  .bss               zero     0x20009af3      0x1  mac_slot.o [8]
  .bss               zero     0x20009af4      0x1  hal_stimer.o [5]
  .bss               zero     0x20009af5      0x1  hal_stimer.o [5]
  .bss               zero     0x20009af6      0x1  hal_stimer.o [5]
                            - 0x20009af7   0x9933

"P3", part 3 of 3:                          0x200
  .noinit            uninit   0x20009af8    0x200  startup_msp432p401r_ewarm.o [5]
                            - 0x20009cf8    0x200


*******************************************************************************
*** INIT TABLE
***

          Address     Size
          -------     ----
Zero (__iar_zero_init3)
    1 destination range, total size 0x9933:
          0x200001c4  0x9933

Copy (__iar_copy_init3)
    1 source range, total size 0xdc (101% of destination):
          0x00018f28    0xdc
    1 destination range, total size 0xd9:
          0x200000e8    0xd9



*******************************************************************************
*** MODULE SUMMARY
***

    Module                       ro code  ro data  rw data
    ------                       -------  -------  -------
E:\MovingTrackStroeFile\MovingTrackStroeProject\src\app\proj\Debug\Obj: [1]
    app.o                            472       72       17
    app_dbg.o                        136                 1
    app_gps.o                      1 780      128      319
    app_handle.o                   4 276      582       61
    control_io.o                   1 714       48       12
    device.o                         756      120        4
    init.o                           232       92        4
    test.o                         9 576    2 853       81
    ------------------------------------------------------
    Total:                        18 942    3 895      499

command line: [2]
    ------------------------------------------------------
    Total:

dl7M_tlf.a: [3]
    abort.o                            6
    div.o                             14
    exit.o                             4
    iar_Stolx.o                      134
    iar_Stoulx.o                     364
    isspace.o                         20
    low_level_init.o                   4
    rand.o                            16        8        8
    sprintf.o                         64
    sscanf.o                          40
    strstr.o                          44
    tolower.o                         20
    vsprintf.o                        56
    xencoding_8859_1.o                38
    xfail_s.o                         68                 4
    xlocale_c.o                      248      134      128
    xmbcurmax.o                       10
    xprintffull.o                  3 926
    xscanfsmall_nomb.o             1 760
    xsprout.o                         10
    xsscin.o                          30
    ------------------------------------------------------
    Total:                         6 876      142      140

m7M_tls.a: [4]
    DblAdd.o                         376
    DblCmpGe.o                        46
    DblCmpLe.o                        46
    DblDiv.o                         582
    DblMul.o                         402
    DblSub.o                         226
    DblToS32.o                        58
    DblToU32.o                        40
    DblToU64.o                        82
    FltToDbl.o                        72
    S32ToDbl.o                        34
    U32ToDbl.o                        26
    U64ToFlt.o                        72
    fpinit_M.o                        34
    frexp.o                          112
    ldexp.o                          314
    ------------------------------------------------------
    Total:                         2 522

platform.a: [5]
    adc14.o                        1 064      128
    check.o                           36      256
    cpu.o                             28
    cpu_core.o                         2
    cs.o                           1 776                 8
    debug.o                          228      101      129
    flash.o                        3 648       72       64
    gpio.o                           556       76
    hal_adc.o                        324       32
    hal_i2c.o                        544
    hal_mem.o                      1 040       48       24
    hal_misc.o                       928      320
    hal_rf.o                       1 836      648       89
    hal_rtc.o                        440
    hal_stimer.o                   1 252       68       21
    hal_timer.o                    1 120       32       52
    hal_uart.o                     2 104       32       72
    hard_fault.o                      20
    interrupt.o                      368       48      232
    kbuf.o                           252       68        8
    lib_mem.o                      1 088       64   32 792
    list.o                           158
    memory.o                         302
    os_core.o                      1 596      256    3 203
    os_cpu_a.o                       236
    os_cpu_c.o                       676             2 052
    os_q.o                           696
    os_sem.o                         402
    os_task.o                        840
    osel_event.o                     664                 8
    osel_kernel.o                     64
    osel_task.o                      352                28
    pcm.o                          1 580
    queue.o                          204
    ref_a.o                           48
    rtc_c.o                          356
    startup_msp432p401r_ewarm.o       14      228      512
    sysctl.o                         144
    system_msp432p401r.o             760        4        4
    timer32.o                        206
    timer_a.o                        204
    uart.o                           532
    wdt_a.o                           24
    ------------------------------------------------------
    Total:                        28 712    2 481   39 298

rt7M_tl.a: [6]
    ABImemcpy.o                      166
    ABImemset.o                      102
    I64DivMod.o                      238
    I64DivZer.o                        2
    XXexit.o                          12
    cexit.o                           10
    cmain.o                           26
    copy_init3.o                      44
    cstartup_M.o                      12
    data_init.o                       40
    memchr.o                          88
    strchr.o                          22
    strlen.o                          54
    zero_init3.o                      64
    ------------------------------------------------------
    Total:                           880

sensor.a: [7]
    fxos8700cq.o                     800       84       12
    sensor.o                         304      104        9
    ------------------------------------------------------
    Total:                         1 104      188       21

stack.a: [8]
    mac_handle.o                   2 624       49      145
    mac_pib.o                         60                 8
    mac_slot.o                       436      136       21
    stack.o                          416       80       48
    ------------------------------------------------------
    Total:                         3 536      265      222

    Gaps                              46        8
    Linker created                             39
----------------------------------------------------------
    Grand Total:                  62 618    7 018   40 180


*******************************************************************************
*** ENTRY LIST
***

Entry                      Address    Size  Type      Object
-----                      -------    ----  ----      ------
.iar.init_table$$Base   0x00017e94           --   Gb  - Linker created -
.iar.init_table$$Limit  0x00017eb8           --   Gb  - Linker created -
?main                   0x0001834d          Code  Gb  cmain.o [6]
ADC14_configureConversionMemory
                        0x00016a81    0x72  Code  Gb  adc14.o [5]
ADC14_configureMultiSequenceMode
                        0x0001698b    0x96  Code  Gb  adc14.o [5]
ADC14_enableConversion  0x00016a21    0x2e  Code  Gb  adc14.o [5]
ADC14_enableModule      0x00016885     0xa  Code  Gb  adc14.o [5]
ADC14_enableSampleTimer
                        0x0001688f    0x32  Code  Gb  adc14.o [5]
ADC14_initModule        0x000168c1    0x44  Code  Gb  adc14.o [5]
ADC14_setPowerMode      0x00016af3    0x40  Code  Gb  adc14.o [5]
ADC14_setResolution     0x00016905    0x14  Code  Gb  adc14.o [5]
ADC14_setSampleHoldTime
                        0x0001695f    0x2c  Code  Gb  adc14.o [5]
ADC14_setSampleHoldTrigger
                        0x00016919    0x46  Code  Gb  adc14.o [5]
ADC14_toggleConversionTrigger
                        0x00016a4f    0x32  Code  Gb  adc14.o [5]
ADCIsConversionRunning  0x0001686f    0x16  Code  Lc  adc14.o [5]
APP_TASK                0x00014a4d    0x60  Code  Lc  app.o [1]
Aux_Interrupt_Callback  0x00014d73    0x3e  Code  Lc  control_io.o [1]
CONFIGURATION_INTERFACE
                        0x000179a0    0xb4  Data  Gb  test.o [1]
CPU_SW_Exception        0x00011e15     0x2  Code  Gb  cpu_core.o [5]
CPU_cpsid               0x00012a3d     0x8  Code  Gb  cpu.o [5]
CPU_cpsie               0x00012a4d     0x8  Code  Gb  cpu.o [5]
CPU_primask             0x00012a45     0x6  Code  Gb  cpu.o [5]
CPU_wfi                 0x00012a55     0x4  Code  Gb  cpu.o [5]
CRC8_TAB                0x00017590   0x100  Data  Gb  check.o [5]
CS_clearInterruptFlag   0x0000d559    0x1a  Code  Gb  cs.o [5]
CS_enableClockRequest   0x0000d431    0x22  Code  Gb  cs.o [5]
CS_getDCOFrequency      0x0000d453    0xc6  Code  Gb  cs.o [5]
CS_getSMCLK             0x0000d519    0x18  Code  Gb  cs.o [5]
CS_initClockSignal      0x0000d175   0x128  Code  Gb  cs.o [5]
CS_setExternalClockSourceFrequency
                        0x0000d167     0xe  Code  Gb  cs.o [5]
CS_startHFXTWithTimeout
                        0x0000d29d    0xc8  Code  Gb  cs.o [5]
CS_startLFXT            0x0000d365     0xa  Code  Gb  cs.o [5]
CS_startLFXTWithTimeout
                        0x0000d36f    0xc2  Code  Gb  cs.o [5]
CacheMore               0x00011ea1    0x24  Code  Lc  xlocale_c.o [3]
ControlIO_Aux_Callback  0x00014db1    0x32  Code  Gb  control_io.o [1]
ControlIO_Buzzer        0x000151f7    0x4c  Code  Gb  control_io.o [1]
ControlIO_Buzzer_State  0x000151b7    0x40  Code  Gb  control_io.o [1]
ControlIO_DevPower      0x00014c99    0x8e  Code  Gb  control_io.o [1]
ControlIO_GPS_Pulse_Callback
                        0x00014d41    0x32  Code  Gb  control_io.o [1]
ControlIO_Init          0x00014b91   0x108  Code  Gb  control_io.o [1]
ControlIO_Key_Callback  0x00014ead    0x32  Code  Gb  control_io.o [1]
ControlIO_LoraMode      0x00014de3    0xb0  Code  Gb  control_io.o [1]
ControlIO_MoveLight     0x0001509f   0x118  Code  Gb  control_io.o [1]
ControlIO_MoveLight_State
                        0x00015041    0x5e  Code  Gb  control_io.o [1]
ControlIO_StatusLight   0x00014f09   0x138  Code  Gb  control_io.o [1]
DSSS_INTERFACE          0x00018740    0x14  Data  Gb  test.o [1]
Default_Handler         0x00018ac9     0x2  Code  Lc  startup_msp432p401r_ewarm.o [5]
FXOS_Config             0x00016b61    0x1c  Code  Gb  fxos8700cq.o [7]
FXOS_Get_Data           0x00016b7d    0x12  Code  Gb  fxos8700cq.o [7]
FXOS_Init               0x00016b8f   0x16a  Code  Gb  fxos8700cq.o [7]
FXOS_ReadReg            0x00016e31    0x2c  Code  Gb  fxos8700cq.o [7]
FXOS_ReadSensorData     0x00016cf9   0x118  Code  Gb  fxos8700cq.o [7]
FXOS_WriteReg           0x00016e5d    0x24  Code  Gb  fxos8700cq.o [7]
FlashCtl_clearProgramVerification
                        0x0001024d    0x30  Code  Gb  flash.o [5]
FlashCtl_disableWordProgramming
                        0x000102a9     0xa  Code  Gb  flash.o [5]
FlashCtl_enableWordProgramming
                        0x0001027d    0x2c  Code  Gb  flash.o [5]
FlashCtl_eraseSector    0x0000fff1   0x112  Code  Gb  flash.o [5]
FlashCtl_getInterruptStatus
                        0x0001031d     0x8  Code  Gb  flash.o [5]
FlashCtl_getReadMode    0x0000ffcd    0x24  Code  Gb  flash.o [5]
FlashCtl_getWaitState   0x000102f9    0x24  Code  Gb  flash.o [5]
FlashCtl_isSectorProtected
                        0x0000fcd9    0x66  Code  Gb  flash.o [5]
FlashCtl_programMemory  0x0001010d   0x10a  Code  Gb  flash.o [5]
FlashCtl_setProgramVerification
                        0x0001021d    0x30  Code  Gb  flash.o [5]
FlashCtl_setReadMode    0x0000ff69    0x64  Code  Gb  flash.o [5]
FlashCtl_setWaitState   0x000102bd    0x34  Code  Gb  flash.o [5]
FlashCtl_unprotectSector
                        0x0000fc75    0x64  Code  Gb  flash.o [5]
FlashCtl_verifyMemory   0x0000fd41   0x228  Code  Gb  flash.o [5]
GPIO_PORT_TO_BASE       0x00017cf4    0x30  Data  Lc  gpio.o [5]
GPIO_PORT_TO_INT        0x00018288    0x1c  Data  Lc  gpio.o [5]
GPIO_clearInterruptFlag
                        0x0000c9b7    0x16  Code  Gb  gpio.o [5]
GPIO_enableInterrupt    0x0000c991    0x14  Code  Gb  gpio.o [5]
GPIO_getInputPinValue   0x0000c97b    0x16  Code  Gb  gpio.o [5]
GPIO_getInterruptStatus
                        0x0000c9a5    0x12  Code  Gb  gpio.o [5]
GPIO_interruptEdgeSelect
                        0x0000c9cd    0x28  Code  Gb  gpio.o [5]
GPIO_registerInterrupt  0x0000c9f5    0x16  Code  Gb  gpio.o [5]
GPIO_setAsInputPin      0x0000c819    0x3a  Code  Gb  gpio.o [5]
GPIO_setAsOutputPin     0x0000c7e9    0x30  Code  Gb  gpio.o [5]
GPIO_setAsPeripheralModuleFunctionInputPin
                        0x0000c8cb    0x78  Code  Gb  gpio.o [5]
GPIO_setAsPeripheralModuleFunctionOutputPin
                        0x0000c853    0x78  Code  Gb  gpio.o [5]
GPIO_setOutputHighOnPin
                        0x0000c943    0x12  Code  Gb  gpio.o [5]
GPIO_setOutputLowOnPin  0x0000c955    0x14  Code  Gb  gpio.o [5]
GPIO_toggleOutputOnPin  0x0000c969    0x12  Code  Gb  gpio.o [5]
GPS_Interrupt_Callback  0x00014d27    0x1a  Code  Lc  control_io.o [1]
HardFault_Handler       0x000187f5          Code  Gb  hard_fault.o [5]
INIT_TASK               0x000178e5    0x5c  Code  Lc  init.o [1]
IntDefaultHandler       0x0000ee61     0x2  Code  Lc  interrupt.o [5]
Interrupt_disableInterrupt
                        0x0000ef45    0x66  Code  Gb  interrupt.o [5]
Interrupt_disableMaster
                        0x0000ee77    0x14  Code  Gb  interrupt.o [5]
Interrupt_enableInterrupt
                        0x0000eedf    0x66  Code  Gb  interrupt.o [5]
Interrupt_enableMaster  0x0000ee63    0x14  Code  Gb  interrupt.o [5]
Interrupt_registerInterrupt
                        0x0000ee8b    0x36  Code  Gb  interrupt.o [5]
Interrupt_setPriorityGrouping
                        0x0000eecb    0x14  Code  Gb  interrupt.o [5]
Interrupt_unregisterInterrupt
                        0x0000eec1     0xa  Code  Gb  interrupt.o [5]
Key_Interrupt_Callback  0x00014e93    0x1a  Code  Lc  control_io.o [1]
LoadInt                 0x0001108b    0x7a  Code  Lc  xprintffull.o [3]
MAX_ERASE_NO_TLV        0x00018f20     0x4  Data  Lc  flash.o [5]
MAX_PROGRAM_NO_TLV      0x00018f24     0x4  Data  Lc  flash.o [5]
MISC_TEST_INTERFACE     0x00017214   0x134  Data  Gb  test.o [1]
Mem_Clr                 0x0000de19     0xc  Code  Gb  lib_mem.o [5]
Mem_Copy                0x0000de6f    0x5e  Code  Gb  lib_mem.o [5]
Mem_Heap                0x200001c4  0x8000  Data  Gb  lib_mem.o [5]
Mem_HeapAlloc           0x0000decd    0x32  Code  Gb  lib_mem.o [5]
Mem_Init                0x0000dde1    0x38  Code  Gb  lib_mem.o [5]
Mem_PoolBlkFree         0x0000e0c1    0x3a  Code  Gb  lib_mem.o [5]
Mem_PoolBlkGet          0x0000e07b    0x46  Code  Gb  lib_mem.o [5]
Mem_PoolClr             0x0000e05b    0x20  Code  Gb  lib_mem.o [5]
Mem_PoolCreate          0x0000df23   0x138  Code  Gb  lib_mem.o [5]
Mem_SegAllocExtCritical
                        0x0000e199    0x6e  Code  Lc  lib_mem.o [5]
Mem_SegAllocInternal    0x0000e161    0x38  Code  Lc  lib_mem.o [5]
Mem_SegCreate           0x0000deff    0x24  Code  Gb  lib_mem.o [5]
Mem_SegCreateCritical   0x0000e0fb    0x1a  Code  Lc  lib_mem.o [5]
Mem_SegHeadPtr          0x20009a98     0x4  Data  Gb  lib_mem.o [5]
Mem_SegHeap             0x20009968    0x14  Data  Gb  lib_mem.o [5]
Mem_SegOverlapChkCritical
                        0x0000e115    0x4c  Code  Lc  lib_mem.o [5]
Mem_Set                 0x0000de25    0x4a  Code  Gb  lib_mem.o [5]
OSCtxSw                 0x0000e99b          Code  Gb  os_cpu_a.o [5]
OSCtxSwCtr              0x20009a9c     0x4  Data  Gb  os_core.o [5]
OSEventFreeList         0x20009aa0     0x4  Data  Gb  os_core.o [5]
OSEventTbl              0x20009314   0x140  Data  Gb  os_core.o [5]
OSIdleCtr               0x20009aa4     0x4  Data  Gb  os_core.o [5]
OSInit                  0x00012401    0x24  Code  Gb  os_core.o [5]
OSInitHookBegin         0x0001215d    0x38  Code  Gb  os_cpu_c.o [5]
OSInitHookEnd           0x00012195     0x2  Code  Gb  os_cpu_c.o [5]
OSIntCtxSw              0x0000e9a3          Code  Gb  os_cpu_a.o [5]
OSIntEnter              0x00012425    0x24  Code  Gb  os_core.o [5]
OSIntExit               0x00012449    0x82  Code  Gb  os_core.o [5]
OSIntNesting            0x20009aec     0x1  Data  Gb  os_core.o [5]
OSLockNesting           0x20009aed     0x1  Data  Gb  os_core.o [5]
OSPrioCur               0x20009aee     0x1  Data  Gb  os_core.o [5]
OSPrioHighRdy           0x20009aef     0x1  Data  Gb  os_core.o [5]
OSQCreate               0x0000eba9    0x9e  Code  Gb  os_q.o [5]
OSQFreeList             0x20009ab8     0x4  Data  Gb  os_core.o [5]
OSQPend                 0x0000ec47   0x10c  Code  Gb  os_q.o [5]
OSQPostOpt              0x0000ed53    0xaa  Code  Gb  os_q.o [5]
OSQTbl                  0x20009654    0xc0  Data  Gb  os_core.o [5]
OSRdyGrp                0x20009af0     0x1  Data  Gb  os_core.o [5]
OSRdyTbl                0x20009a08     0x8  Data  Gb  os_core.o [5]
OSRunning               0x20009af1     0x1  Data  Gb  os_core.o [5]
OSSemCreate             0x0000ea15    0x4c  Code  Gb  os_sem.o [5]
OSSemPend               0x0000ea61    0xda  Code  Gb  os_sem.o [5]
OSSemPost               0x0000eb4d    0x5a  Code  Gb  os_sem.o [5]
OSStart                 0x000124cb    0x42  Code  Gb  os_core.o [5]
OSStartHighRdy          0x0000e945          Code  Gb  os_cpu_a.o [5]
OSTCBCur                0x20009aa8     0x4  Data  Gb  os_core.o [5]
OSTCBFreeList           0x20009aac     0x4  Data  Gb  os_core.o [5]
OSTCBHighRdy            0x20009ab0     0x4  Data  Gb  os_core.o [5]
OSTCBInitHook           0x00012313     0x2  Code  Gb  os_cpu_c.o [5]
OSTCBList               0x20009ab4     0x4  Data  Gb  os_core.o [5]
OSTCBPrioTbl            0x20009554   0x100  Data  Gb  os_core.o [5]
OSTCBTbl                0x200091c4   0x150  Data  Gb  os_core.o [5]
OSTaskCreateExt         0x000107c5    0xa0  Code  Gb  os_task.o [5]
OSTaskCreateHook        0x00012197     0x2  Code  Gb  os_cpu_c.o [5]
OSTaskCtr               0x20009af2     0x1  Data  Gb  os_core.o [5]
OSTaskDel               0x00010865   0x134  Code  Gb  os_task.o [5]
OSTaskDelHook           0x00012199     0x2  Code  Gb  os_cpu_c.o [5]
OSTaskIdleHook          0x0001219b     0x2  Code  Gb  os_cpu_c.o [5]
OSTaskIdleStk           0x200081c4   0x800  Data  Gb  os_core.o [5]
OSTaskResume            0x00010999    0x9a  Code  Gb  os_task.o [5]
OSTaskReturnHook        0x0001219d     0x2  Code  Gb  os_cpu_c.o [5]
OSTaskStkInit           0x0001219f   0x15c  Code  Gb  os_cpu_c.o [5]
OSTaskSuspend           0x00010a33    0x9e  Code  Gb  os_task.o [5]
OSTaskSwHook            0x000122fb    0x18  Code  Gb  os_cpu_c.o [5]
OSTime                  0x20009abc     0x4  Data  Gb  os_core.o [5]
OSTimeTick              0x0001250d    0xaa  Code  Gb  os_core.o [5]
OSUnMapTbl              0x00017690   0x100  Data  Gb  os_core.o [5]
OS_CPU_ExceptStk        0x200089c4   0x800  Data  Gb  os_cpu_c.o [5]
OS_CPU_ExceptStkBase    0x20009ac0     0x4  Data  Gb  os_cpu_c.o [5]
OS_CPU_FP_Reg_Pop       0x0000e92b          Code  Gb  os_cpu_a.o [5]
OS_CPU_FP_Reg_Push      0x0000e919          Code  Gb  os_cpu_a.o [5]
OS_CPU_PendSVHandler    0x0000e9ab          Code  Gb  os_cpu_a.o [5]
OS_CPU_SR_Restore       0x0000e93f          Code  Gb  os_cpu_a.o [5]
OS_CPU_SR_Save          0x0000e937          Code  Gb  os_cpu_a.o [5]
OS_CPU_SysTickHandler   0x00012315    0x1c  Code  Gb  os_cpu_c.o [5]
OS_CPU_SysTickInit      0x0001233f    0x30  Code  Gb  os_cpu_c.o [5]
OS_CPU_SysTickInitFreq  0x00012331     0xe  Code  Gb  os_cpu_c.o [5]
OS_Dummy                0x000125b7     0x2  Code  Gb  os_core.o [5]
OS_EventTaskRdy         0x000125b9    0x7e  Code  Gb  os_core.o [5]
OS_EventTaskRemove      0x000126c3    0x3a  Code  Gb  os_core.o [5]
OS_EventTaskWait        0x00012637    0x8c  Code  Gb  os_core.o [5]
OS_EventWaitListInit    0x000126fd    0x1c  Code  Gb  os_core.o [5]
OS_InitEventList        0x00012719    0x54  Code  Lc  os_core.o [5]
OS_InitMisc             0x0001276d    0x2c  Code  Lc  os_core.o [5]
OS_InitRdyList          0x00012799    0x34  Code  Lc  os_core.o [5]
OS_InitTCBList          0x000127fb    0x5c  Code  Lc  os_core.o [5]
OS_InitTaskIdle         0x000127cd    0x2e  Code  Lc  os_core.o [5]
OS_MemClr               0x00012857    0x12  Code  Gb  os_core.o [5]
OS_QInit                0x0000edfd    0x4a  Code  Gb  os_q.o [5]
OS_Sched                0x00012869    0x4e  Code  Gb  os_core.o [5]
OS_SchedNew             0x000128b7    0x1e  Code  Lc  os_core.o [5]
OS_TCBInit              0x000128e3   0x100  Code  Gb  os_core.o [5]
OS_TaskIdle             0x000128d5     0xe  Code  Gb  os_core.o [5]
OS_TaskReturn           0x00010ad1    0x12  Code  Gb  os_task.o [5]
PCM_getCoreVoltageLevel
                        0x0000f471    0x4e  Code  Gb  pcm.o [5]
PCM_getPowerMode        0x0000f433    0x3e  Code  Gb  pcm.o [5]
PCM_getPowerState       0x0000f953     0xc  Code  Gb  pcm.o [5]
PCM_gotoLPM0            0x0000f8b7    0x24  Code  Gb  pcm.o [5]
PCM_gotoLPM3            0x0000f8db    0x78  Code  Gb  pcm.o [5]
PCM_gotoLPM4            0x0000f8a7    0x10  Code  Gb  pcm.o [5]
PCM_setPowerMode        0x0000f5d1     0xc  Code  Gb  pcm.o [5]
PCM_setPowerState       0x0000f859     0xc  Code  Gb  pcm.o [5]
PCM_shutdownDevice      0x0000f865    0x42  Code  Gb  pcm.o [5]
REF_A_disableTempSensor
                        0x000171f7     0x8  Code  Gb  ref_a.o [5]
REF_A_enableReferenceVoltage
                        0x000171ff     0x8  Code  Gb  ref_a.o [5]
REF_A_setReferenceVoltage
                        0x000171e5    0x12  Code  Gb  ref_a.o [5]
RF_DSSS_CMD             0x00017dd4    0x28  Data  Gb  test.o [1]
RF_DSSS_PARA            0x00017b28    0x50  Data  Gb  test.o [1]
RTC_C_convertBCDToBinary
                        0x00012b8f     0xc  Code  Gb  rtc_c.o [5]
RTC_C_convertBinaryToBCD
                        0x00012b9b     0xc  Code  Gb  rtc_c.o [5]
RTC_C_getCalendarTime   0x00012b25    0x6a  Code  Gb  rtc_c.o [5]
RTC_C_holdClock         0x00012a97    0x26  Code  Gb  rtc_c.o [5]
RTC_C_initCalendar      0x00012abd    0x68  Code  Gb  rtc_c.o [5]
RTC_C_startClock        0x00012a71    0x26  Code  Gb  rtc_c.o [5]
Region$$Table$$Base     0x00017e94           --   Gb  - Linker created -
Region$$Table$$Limit    0x00017eb8           --   Gb  - Linker created -
SENSOR_TASK             0x000173a5    0x58  Code  Lc  sensor.o [7]
SPIx_ReadWriteByte      0x0000cdd3    0x1e  Code  Lc  hal_mem.o [5]
STACK_TASK              0x000152a1    0x54  Code  Lc  stack.o [8]
SysCtl_disableNMISource
                        0x0000f317     0xe  Code  Gb  sysctl.o [5]
SysCtl_enableNMISource  0x0000f325     0xc  Code  Gb  sysctl.o [5]
SysCtl_getFlashSize     0x0000f311     0x6  Code  Gb  sysctl.o [5]
SysCtl_getNMISourceStatus
                        0x0000f331     0xa  Code  Gb  sysctl.o [5]
SysCtl_getTLVInfo       0x0000f2c9    0x48  Code  Gb  sysctl.o [5]
SysCtl_rebootDevice     0x0000f33b     0xa  Code  Gb  sysctl.o [5]
SystemCoreClock         0x200001b8     0x4  Data  Gb  system_msp432p401r.o [5]
SystemCoreClockUpdate   0x0000efd1   0x234  Code  Gb  system_msp432p401r.o [5]
SystemInit              0x0000f209    0x5a  Code  Gb  system_msp432p401r.o [5]
TEST_INTERFACE          0x00017790    0xe8  Data  Gb  test.o [1]
Timer32_disableInterrupt
                        0x00010c9d     0xa  Code  Gb  timer32.o [5]
Timer32_getValue        0x00010c61     0x4  Code  Gb  timer32.o [5]
Timer32_haltTimer       0x00010c93     0xa  Code  Gb  timer32.o [5]
Timer32_initModule      0x00010bd9    0x5c  Code  Gb  timer32.o [5]
Timer32_setCount        0x00010c35    0x24  Code  Gb  timer32.o [5]
Timer32_startTimer      0x00010c65    0x2e  Code  Gb  timer32.o [5]
Timer_A_registerInterrupt
                        0x00010b0d    0xbe  Code  Gb  timer_a.o [5]
UART_clearInterruptFlag
                        0x0000dc3d     0xa  Code  Gb  uart.o [5]
UART_disableInterrupt   0x0000dbe5    0x1c  Code  Gb  uart.o [5]
UART_enableInterrupt    0x0000dbcd    0x18  Code  Gb  uart.o [5]
UART_enableModule       0x0000dbc1     0xc  Code  Gb  uart.o [5]
UART_getEnabledInterruptStatus
                        0x0000dc0b    0x32  Code  Gb  uart.o [5]
UART_getInterruptStatus
                        0x0000dc01     0xa  Code  Gb  uart.o [5]
UART_initModule         0x0000db01    0xc0  Code  Gb  uart.o [5]
UART_registerInterrupt  0x0000dc47    0x54  Code  Gb  uart.o [5]
UART_unregisterInterrupt
                        0x0000dc9b    0x54  Code  Gb  uart.o [5]
WDT_A_holdTimer         0x00012a59    0x14  Code  Gb  wdt_a.o [5]
_CSComputeCLKFrequency  0x0000d019    0xf8  Code  Lc  cs.o [5]
_CSGetDOCFrequency      0x0000d111    0x56  Code  Lc  cs.o [5]
_CSGetDividerValue      0x0000cfc5    0x54  Code  Lc  cs.o [5]
_CSGetHFXTFrequency     0x0000cf0d    0xb8  Code  Lc  cs.o [5]
_Encoding_8859_1_Mbrlen
                        0x0000b0dd     0x2  Code  Gb  xencoding_8859_1.o [3]
_Encoding_8859_1_Mbtowc
                        0x0000b0d5     0x8  Code  Gb  xencoding_8859_1.o [3]
_Encoding_8859_1_Wctomb
                        0x0000b0c3    0x12  Code  Gb  xencoding_8859_1.o [3]
_FlashCtl_Program32     0x0000fa29    0x9e  Code  Lc  flash.o [5]
_FlashCtl_Program8      0x0000f985    0xa2  Code  Lc  flash.o [5]
_FlashCtl_ProgramBurst  0x0000fac9   0x1ac  Code  Lc  flash.o [5]
_GenldFull              0x00011b03   0x260  Code  Lc  xprintffull.o [3]
_GetN                   0x0000e239    0x22  Code  Lc  xscanfsmall_nomb.o [3]
_GetintSmallNoMb        0x0000e675   0x1fa  Code  Lc  xscanfsmall_nomb.o [3]
_GetstrSmallNoMb        0x0000e481   0x1ee  Code  Lc  xscanfsmall_nomb.o [3]
_LdtobFull              0x000116db   0x3fe  Code  Lc  xprintffull.o [3]
_LitobFull              0x0001158b   0x10a  Code  Lc  xprintffull.o [3]
_LocaleC_isspace        0x00011e7d    0x14  Code  Gb  xlocale_c.o [3]
_LocaleC_isupper        0x00011e71     0x2  Code  Gb  xlocale_c.o [3]
_LocaleC_tolower        0x00011e91     0xc  Code  Gb  xlocale_c.o [3]
_Locale_lconv           0x20000170    0x38  Data  Lc  xlocale_c.o [3]
_PrintfFull             0x00010ebd   0x1b6  Code  Gb  xprintffull.o [3]
_PutcharsFull           0x00011d63    0x2e  Code  Lc  xprintffull.o [3]
_PutfldFull             0x00011105   0x2d0  Code  Lc  xprintffull.o [3]
_PutstrFull             0x000114cb    0xc0  Code  Lc  xprintffull.o [3]
_PuttxtFull             0x000113d5    0xf6  Code  Lc  xprintffull.o [3]
_Randinit               0x200001b0     0x1  Data  Gb  rand.o [3]
_Randseed               0x200001b4     0x4  Data  Gb  rand.o [3]
_SProut                 0x0000ce8b     0xa  Code  Gb  xsprout.o [3]
_SScin                  0x0000c2ff    0x1e  Code  Gb  xsscin.o [3]
_ScanfSmallNoMb         0x0000e275   0x1fe  Code  Gb  xscanfsmall_nomb.o [3]
_UngetN                 0x0000e25b    0x1a  Code  Lc  xscanfsmall_nomb.o [3]
__FlashCtl_remaskBurstDataPost
                        0x0001067d    0xdc  Code  Gb  flash.o [5]
__FlashCtl_remaskBurstDataPre
                        0x0001058d    0xea  Code  Gb  flash.o [5]
__FlashCtl_remaskData32Post
                        0x00010411    0xb4  Code  Gb  flash.o [5]
__FlashCtl_remaskData32Pre
                        0x000104d1    0xb4  Code  Gb  flash.o [5]
__FlashCtl_remaskData8Post
                        0x00010335    0x6a  Code  Gb  flash.o [5]
__FlashCtl_remaskData8Pre
                        0x000103a5    0x6c  Code  Gb  flash.o [5]
__PCM_setCoreVoltageLevelAdvanced
                        0x0000f359    0xda  Code  Lc  pcm.o [5]
__PCM_setPowerModeAdvanced
                        0x0000f4bf   0x112  Code  Lc  pcm.o [5]
__PCM_setPowerStateAdvanced
                        0x0000f5dd   0x27c  Code  Lc  pcm.o [5]
__aeabi_cdcmple         0x00012e41          Code  Gb  DblCmpLe.o [4]
__aeabi_cdrcmple        0x00012e71          Code  Gb  DblCmpGe.o [4]
__aeabi_d2iz            0x00012fdd          Code  Gb  DblToS32.o [4]
__aeabi_d2uiz           0x0000d861          Code  Gb  DblToU32.o [4]
__aeabi_d2ulz           0x00010e69          Code  Gb  DblToU64.o [4]
__aeabi_dadd            0x00010cf1          Code  Gb  DblAdd.o [4]
__aeabi_ddiv            0x0000d619          Code  Gb  DblDiv.o [4]
__aeabi_dmul            0x0000d96d          Code  Gb  DblMul.o [4]
__aeabi_dsub            0x0000d889          Code  Gb  DblSub.o [4]
__aeabi_f2d             0x0000c7a1          Code  Gb  FltToDbl.o [4]
__aeabi_i2d             0x00013019          Code  Gb  S32ToDbl.o [4]
__aeabi_ldiv0           0x00013065          Code  Gb  I64DivZer.o [6]
__aeabi_memcpy          0x00012c39          Code  Gb  ABImemcpy.o [6]
__aeabi_memcpy4         0x00012c59          Code  Gb  ABImemcpy.o [6]
__aeabi_memcpy8         0x00012c59          Code  Gb  ABImemcpy.o [6]
__aeabi_memset          0x0000ce25          Code  Gb  ABImemset.o [6]
__aeabi_ui2d            0x0000d5fd          Code  Gb  U32ToDbl.o [4]
__aeabi_ul2f            0x00010ca9          Code  Gb  U64ToFlt.o [4]
__aeabi_uldivmod        0x00012ce1          Code  Gb  I64DivMod.o [6]
__cmain                 0x0001834d          Code  Gb  cmain.o [6]
__exit                  0x00013069          Code  Gb  XXexit.o [6]
__getBurstProgramRegs   0x20000130    0x40  Data  Lc  flash.o [5]
__iar_Fail_s            0x00011e2d    0x1e  Code  Gb  xfail_s.o [3]
__iar_Mbcurmax          0x00012c2d     0xa  Code  Gb  xmbcurmax.o [3]
__iar_Memchr            0x00012bd5          Code  Gb  memchr.o [6]
__iar_Memset            0x0000ce25          Code  Gb  ABImemset.o [6]
__iar_Memset_word       0x0000ce2d          Code  Gb  ABImemset.o [6]
__iar_Stolx             0x00011f69    0x82  Code  Gb  iar_Stolx.o [3]
__iar_Stoulx            0x00011ff1   0x10e  Code  Gb  iar_Stoulx.o [3]
__iar_Strchr            0x0000e221          Code  Gb  strchr.o [6]
__iar_copy_init3        0x00017da9    0x2c  Code  Gb  copy_init3.o [6]
__iar_dadd              0x0000d899          Code  Gb  DblSub.o [4]
__iar_data_init3        0x00017e25    0x28  Code  Gb  data_init.o [6]
__iar_dsub              0x00010d01          Code  Gb  DblAdd.o [4]
__iar_dsubStart         0x00010d13          Code  Gb  DblAdd.o [4]
__iar_frexp             0x00012ddd          Code  Gb  frexp.o [4]
__iar_frexpl            0x00012ddd          Code  Gb  frexp.o [4]
__iar_globLocale        0x200000e8    0x48  Data  Lc  xlocale_c.o [3]
__iar_global_Locale     0x00011e9d     0x4  Code  Gb  xlocale_c.o [3]
__iar_init_vfp          0x00017e71          Code  Gb  fpinit_M.o [4]
__iar_ldexp64           0x00012ea1          Code  Gb  ldexp.o [4]
__iar_program_start     0x00018ad7          Code  Gb  cstartup_M.o [6]
__iar_scalbln64         0x00012ea1          Code  Gb  ldexp.o [4]
__iar_scalbn64          0x00012ea1          Code  Gb  ldexp.o [4]
__iar_softfp___iar_frexp64
                        0x00012dd1          Code  Gb  frexp.o [4]
__iar_softfp_frexp      0x00012dd1          Code  Gb  frexp.o [4]
__iar_softfp_frexpl     0x00012dd1          Code  Gb  frexp.o [4]
__iar_systems$$module {Abs}
                        0x00000001          Data  Gb  command line/config [2]
__iar_zero_init3        0x00017bbd    0x40  Code  Gb  zero_init3.o [6]
__list_add              0x0001491f     0xa  Code  Lc  list.o [5]
__list_del              0x00014929     0x6  Code  Lc  list.o [5]
__low_level_init        0x00018367     0x4  Code  Gb  low_level_init.o [3]
__vector_table          0x00008000    0xe4  Data  Gb  startup_msp432p401r_ewarm.o [5]
_call_main              0x00018359          Code  Gb  cmain.o [6]
_ctlRegs                0x00017a54    0x80  Data  Lc  adc14.o [5]
_exit                   0x00018371          Code  Gb  cexit.o [6]
_gLocale_mblen          0x00011f45     0x4  Code  Gb  xlocale_c.o [3]
_gLocale_mblenInt       0x00011ec5    0x2c  Code  Gb  xlocale_c.o [3]
_gLocale_mbtowc         0x00011f49     0xe  Code  Gb  xlocale_c.o [3]
_gLocale_mbtowcInt      0x00011ef1    0x44  Code  Gb  xlocale_c.o [3]
_gLocale_wctomb         0x00011f57     0x4  Code  Gb  xlocale_c.o [3]
_gLocale_wctombInt      0x00011f41     0x4  Code  Gb  xlocale_c.o [3]
_getIndexForMemRegister
                        0x00016739   0x136  Code  Lc  adc14.o [5]
_main                   0x00018363          Code  Gb  cmain.o [6]
abort                   0x00013049     0x6  Code  Gb  abort.o [3]
actual_size             0x20009ad0     0x2  Data  Lc  app_gps.o [1]
app_aux_event           0x00014ac1    0x16  Code  Lc  app.o [1]
app_aux_handler         0x0001315f    0x52  Code  Lc  app_handle.o [1]
app_cfg_handler         0x0001400d    0x5c  Code  Lc  app_handle.o [1]
app_data_tx_q           0x200099d0     0x8  Data  Gb  app.o [1]
app_dbg_flag            0x20009ad9     0x1  Data  Gb  app_dbg.o [1]
app_dbg_handler         0x000136c9   0x8b8  Code  Lc  app_handle.o [1]
app_dbg_handler::fram_all_len
                        0x20009ae1     0x1  Data  Lc  app_handle.o [1]
app_dbg_handler::fram_head_len
                        0x200001bd     0x1  Data  Lc  app_handle.o [1]
app_dbg_handler::frm_flag
                        0x20009ae0     0x1  Data  Lc  app_handle.o [1]
app_dbg_handler::global_dbg_flag
                        0x20009ade     0x1  Data  Lc  app_handle.o [1]
app_dbg_handler::temp_buf
                        0x20009914    0x28  Data  Lc  app_handle.o [1]
app_dbg_handler::temp_len
                        0x20009adf     0x1  Data  Lc  app_handle.o [1]
app_dbg_init            0x000153e5     0xc  Code  Gb  app_dbg.o [1]
app_dbg_recv_callback   0x00014aed    0x14  Code  Lc  app.o [1]
app_dbg_set             0x000153f1    0x78  Code  Gb  app_dbg.o [1]
app_event_h             0x20009a24     0x4  Data  Gb  app.o [1]
app_gps_buf             0x20009454   0x100  Data  Gb  app_gps.o [1]
app_gps_poll_callback   0x00014129    0x56  Code  Gb  app_gps.o [1]
app_gps_poll_handler    0x0001474b    0x72  Code  Gb  app_gps.o [1]
app_gps_proc            0x00014181   0x5ca  Code  Gb  app_gps.o [1]
app_gps_proc::update_rtc_flag
                        0x20009ada     0x1  Data  Lc  app_gps.o [1]
app_handler             0x00013075    0xea  Code  Gb  app_handle.o [1]
app_idle_hook           0x000178dd     0x8  Code  Gb  init.o [1]
app_indicate_callback   0x00013fdd    0x22  Code  Lc  app_handle.o [1]
app_indicate_event      0x00014aad    0x14  Code  Gb  app.o [1]
app_indicate_handler    0x00013f81    0x5a  Code  Lc  app_handle.o [1]
app_indicate_id         0x20009adb     0x1  Data  Lc  app_handle.o [1]
app_init                0x000149b9    0x92  Code  Gb  app.o [1]
app_key_callback        0x00014b51    0x14  Code  Lc  app.o [1]
app_key_handler         0x000131f9    0xdc  Code  Lc  app_handle.o [1]
app_lora_cfg_event      0x00014b01    0x3c  Code  Lc  app.o [1]
app_lora_handler        0x000132d5   0x392  Code  Lc  app_handle.o [1]
app_lora_handler::fram_head_len
                        0x200001bc     0x1  Data  Lc  app_handle.o [1]
app_lora_handler::frm_buff
                        0x200099ac     0xc  Data  Lc  app_handle.o [1]
app_lora_handler::frm_flag
                        0x20009add     0x1  Data  Lc  app_handle.o [1]
app_lora_handler::frm_len
                        0x20009adc     0x1  Data  Lc  app_handle.o [1]
app_lora_recv_callback  0x00014ad7    0x14  Code  Gb  app.o [1]
app_parse               0x00013699    0x2e  Code  Lc  app_handle.o [1]
app_task_h              0x20009a20     0x4  Data  Gb  app.o [1]
app_tx_event            0x00014b3d    0x14  Code  Lc  app.o [1]
app_tx_handle           0x000131b1    0x40  Code  Lc  app_handle.o [1]
aux_cmd_read_info_format
                        0x200001a8     0x8  Data  Lc  test.o [1]
aux_cmd_start_read_bd   0x00018e64     0x8  Data  Gb  test.o [1]
aux_cmd_stop_read_bd    0x00018e6c     0x8  Data  Gb  test.o [1]
aux_data_array          0x20009954    0x14  Data  Lc  test.o [1]
aux_data_array_index    0x20009ae5     0x1  Data  Lc  test.o [1]
aux_timeout_cb          0x0000a421    0x38  Code  Lc  test.o [1]
aux_timer_id            0x20009ae4     0x1  Data  Lc  test.o [1]
aux_uart_rx_cb          0x0000a381    0x9a  Code  Lc  test.o [1]
auxfunc                 0x20009a2c     0x4  Data  Lc  control_io.o [1]
compare_interrupt_handler
                        0x0001665d    0xaa  Code  Gb  hal_stimer.o [5]
config_set_device       0x0000866f   0x1ca  Code  Lc  test.o [1]
config_set_register     0x00008525   0x14a  Code  Lc  test.o [1]
crc8_tab                0x0000c31d    0x1e  Code  Gb  check.o [5]
dbg_buf                 0x20009714    0x80  Data  Lc  debug.o [5]
dbgg2                   0x20009af6     0x1  Data  Gb  hal_stimer.o [5]
delay_ms                0x0000c61d    0x22  Code  Gb  hal_timer.o [5]
delay_us                0x0000c5db    0x40  Code  Gb  hal_timer.o [5]
delete_queue            0x0000dda7    0x3a  Code  Gb  queue.o [5]
device_info_get         0x0000ba8b     0x6  Code  Gb  device.o [1]
device_info_init        0x0000b83d   0x24e  Code  Gb  device.o [1]
device_info_set         0x0000ba91    0x2a  Code  Gb  device.o [1]
device_lora_baudrate_info_get
                        0x0000bad9    0x58  Code  Gb  device.o [1]
digits                  0x0001210c    0x28  Data  Lc  iar_Stoulx.o [3]
div                     0x0001303b     0xe  Code  Gb  div.o [3]
enter_queue             0x0000dd61    0x46  Code  Gb  queue.o [5]
event_pool              0x20009a58     0x4  Data  Lc  osel_event.o [5]
event_q_pool            0x20009a5c     0x4  Data  Lc  osel_event.o [5]
exit                    0x0001836b     0x4  Code  Gb  exit.o [3]
flash_addr_manage       0x2000998c    0x10  Data  Gb  hal_mem.o [5]
flash_size_manage       0x200099f0     0x8  Data  Gb  hal_mem.o [5]
fram_state              0x200001be     0x1  Data  Lc  test.o [1]
free_timer              0x20009a10     0x8  Data  Gb  hal_stimer.o [5]
func                    0x20009a28     0x4  Data  Lc  control_io.o [1]
fxos_handle             0x200099b8     0xc  Data  Lc  fxos8700cq.o [7]
g_pfnRAMVectors         0x20000000    0xe8  Data  Lc  interrupt.o [5]
g_pulDisRegs            0x00018f04     0x8  Data  Lc  interrupt.o [5]
g_pulEnRegs             0x00018efc     0x8  Data  Lc  interrupt.o [5]
g_pulPriority           0x00017fd8    0x20  Data  Lc  interrupt.o [5]
global_debug_level      0x200001bf     0x1  Data  Gb  debug.o [5]
graph_ctrl_fram_uart_rx_cb
                        0x00009e95    0x5e  Code  Lc  test.o [1]
graph_tc_print          0x0000a0c5    0x22  Code  Lc  test.o [1]
hal_adc14_init          0x000170a1   0x13c  Code  Gb  hal_adc.o [5]
hal_board_init          0x0000bdc9    0x1e  Code  Gb  hal_misc.o [5]
hal_board_reset         0x0000bde7    0x14  Code  Gb  hal_misc.o [5]
hal_flash_alloc         0x0000ca3b    0x5e  Code  Gb  hal_mem.o [5]
hal_flash_init          0x0000ca15    0x26  Code  Gb  hal_mem.o [5]
hal_flash_read          0x0000cb91    0x18  Code  Gb  hal_mem.o [5]
hal_flash_write         0x0000ca99    0xf8  Code  Gb  hal_mem.o [5]
hal_fram_get_spi_cs     0x0000cd45    0x22  Code  Gb  hal_mem.o [5]
hal_fram_get_ver        0x0000cccd    0x78  Code  Gb  hal_mem.o [5]
hal_fram_rdy_write      0x0000cd67    0x6c  Code  Gb  hal_mem.o [5]
hal_fram_read           0x0000cba9    0x64  Code  Gb  hal_mem.o [5]
hal_fram_write          0x0000cc0d    0xc0  Code  Gb  hal_mem.o [5]
hal_hardfault_print     0x0000becd   0x218  Code  Gb  hal_misc.o [5]
hal_output_clock        0x0000becb     0x2  Code  Lc  hal_misc.o [5]
hal_rf_cfg_int          0x0000b491    0x64  Code  Gb  hal_rf.o [5]
hal_rf_flush            0x0000b41d    0x74  Code  Gb  hal_rf.o [5]
hal_rf_get_register     0x0000b561    0x42  Code  Gb  hal_rf.o [5]
hal_rf_read             0x0000b395    0x88  Code  Gb  hal_rf.o [5]
hal_rf_read_reg         0x0000b625     0xc  Code  Gb  hal_rf.o [5]
hal_rf_reg_int          0x0000b4f5    0x36  Code  Gb  hal_rf.o [5]
hal_rf_set_register     0x0000b5a5    0x7a  Code  Gb  hal_rf.o [5]
hal_rf_set_state        0x0000b111   0x21c  Code  Gb  hal_rf.o [5]
hal_rf_unreg_int        0x0000b52b    0x36  Code  Gb  hal_rf.o [5]
hal_rf_write            0x0000b32d    0x68  Code  Gb  hal_rf.o [5]
hal_rtc_get             0x000154c7    0x6a  Code  Gb  hal_rtc.o [5]
hal_rtc_init            0x0001546d    0x5a  Code  Gb  hal_rtc.o [5]
hal_rtc_set             0x00015531    0x80  Code  Gb  hal_rtc.o [5]
hal_set_clock           0x0000bdfb    0xd0  Code  Lc  hal_misc.o [5]
hal_timer_a2_cr1_6_isr  0x0000c641   0x136  Code  Lc  hal_timer.o [5]
hal_timer_alloc         0x0000c387   0x1b4  Code  Gb  hal_timer.o [5]
hal_timer_free          0x0000c53b    0xa0  Code  Gb  hal_timer.o [5]
hal_timer_init          0x0000c353    0x34  Code  Gb  hal_timer.o [5]
hal_timer_tick_init     0x0000c341    0x12  Code  Lc  hal_timer.o [5]
hal_uart_a0_irq_handler
                        0x0000ae1d    0x48  Code  Lc  hal_uart.o [5]
hal_uart_a1_irq_handler
                        0x0000ae65    0x48  Code  Lc  hal_uart.o [5]
hal_uart_a2_irq_handler
                        0x0000aead    0x4a  Code  Lc  hal_uart.o [5]
hal_uart_init           0x0000a731   0x26c  Code  Gb  hal_uart.o [5]
hal_uart_printf         0x0000ab03    0xc4  Code  Gb  hal_uart.o [5]
hal_uart_read           0x0000abc7    0x86  Code  Gb  hal_uart.o [5]
hal_uart_read_poll      0x0000ac4d    0x9a  Code  Gb  hal_uart.o [5]
hal_uart_rx_irq_disable
                        0x0000adc7    0x56  Code  Gb  hal_uart.o [5]
hal_uart_rx_irq_enable  0x0000ad31    0x96  Code  Gb  hal_uart.o [5]
hal_uart_rx_set_hiz_state
                        0x0000ace7    0x4a  Code  Gb  hal_uart.o [5]
hal_uart_send_char      0x0000a9a5    0x9c  Code  Gb  hal_uart.o [5]
hal_uart_send_string    0x0000aa41    0xc2  Code  Gb  hal_uart.o [5]
heap_alloc              0x0000af7f    0x36  Code  Gb  memory.o [5]
hfxtFreq                0x20009a8c     0x4  Data  Lc  cs.o [5]
htimer_alloc            0x00016255    0x2e  Code  Gb  hal_stimer.o [5]
htimer_at               0x00016485   0x140  Code  Gb  hal_stimer.o [5]
htimer_cancel           0x000162d1   0x176  Code  Gb  hal_stimer.o [5]
htimer_compare          0x000162a1    0x30  Code  Gb  hal_stimer.o [5]
htimer_count            0x20009af4     0x1  Data  Gb  hal_stimer.o [5]
htimer_free             0x00016283    0x1e  Code  Gb  hal_stimer.o [5]
htimer_now              0x00016447    0x3e  Code  Gb  hal_stimer.o [5]
htimer_state            0x20009af5     0x1  Data  Gb  hal_stimer.o [5]
i2c_check_ack           0x00016ef5    0x42  Code  Gb  hal_i2c.o [5]
i2c_init                0x00016e81    0x24  Code  Gb  hal_i2c.o [5]
i2c_read                0x00016f81    0x54  Code  Gb  hal_i2c.o [5]
i2c_readreg             0x00016fd5    0x4c  Code  Gb  hal_i2c.o [5]
i2c_send                0x00016f37    0x4a  Code  Gb  hal_i2c.o [5]
i2c_start               0x00016ea5    0x28  Code  Gb  hal_i2c.o [5]
i2c_stop                0x00016ecd    0x28  Code  Gb  hal_i2c.o [5]
i2c_writereg            0x00017021    0x38  Code  Gb  hal_i2c.o [5]
init_i2c                0x00017099     0x8  Code  Gb  hal_i2c.o [5]
init_task_h             0x20009a38     0x4  Data  Gb  init.o [1]
isspace                 0x00011e17    0x14  Code  Gb  isspace.o [3]
kbuf_alloc              0x00014861    0x6c  Code  Gb  kbuf.o [5]
kbuf_big_pool           0x20009a7c     0x4  Data  Lc  kbuf.o [5]
kbuf_free               0x000148cd    0x38  Code  Gb  kbuf.o [5]
kbuf_init               0x0001481d    0x44  Code  Gb  kbuf.o [5]
kbuf_small_pool         0x20009a80     0x4  Data  Lc  kbuf.o [5]
keyfunc                 0x20009a30     0x4  Data  Lc  control_io.o [1]
ldexp                   0x00012ea1          Code  Gb  ldexp.o [4]
ldexpl                  0x00012ea1          Code  Gb  ldexp.o [4]
lfxtFreq                0x20009a90     0x4  Data  Lc  cs.o [5]
list_behind_put         0x00014945     0xc  Code  Gb  list.o [5]
list_del                0x00014951    0x24  Code  Gb  list.o [5]
list_empty              0x00014975    0x16  Code  Gb  list.o [5]
list_front_get          0x0001498b    0x2c  Code  Gb  list.o [5]
list_get_head           0x0001492f    0x16  Code  Gb  list.o [5]
list_init               0x00014919     0x6  Code  Gb  list.o [5]
localeconv              0x00011f5b     0x4  Code  Gb  xlocale_c.o [3]
lora_cfg_timeout_id     0x20009ad8     0x1  Data  Lc  app.o [1]
m_current_slot          0x20009af3     0x1  Data  Gb  mac_slot.o [8]
m_timer_slot            0x20009ac4     0x4  Data  Gb  mac_slot.o [8]
mac_beacon_frame_proc   0x00015c3d    0xbc  Code  Lc  mac_handle.o [8]
mac_beacon_handler      0x000157ad   0x140  Code  Lc  mac_handle.o [8]
mac_cfg_frame_proc      0x00015d59   0x128  Code  Lc  mac_handle.o [8]
mac_ctrl_frame_proc     0x00015cf9    0x3a  Code  Lc  mac_handle.o [8]
mac_handler             0x00015661    0x72  Code  Gb  mac_handle.o [8]
mac_parse               0x00015c0d    0x2c  Code  Lc  mac_handle.o [8]
mac_pib                 0x20009a00     0x8  Data  Gb  mac_pib.o [8]
mac_pib_init            0x00015625    0x3c  Code  Gb  mac_pib.o [8]
mac_pulse_handle        0x000156d3    0xda  Code  Lc  mac_handle.o [8]
mac_query_frame_proc    0x00015d33    0x26  Code  Lc  mac_handle.o [8]
mac_rx_handler          0x000159c9   0x244  Code  Lc  mac_handle.o [8]
mac_rx_handler::fram_all_len
                        0x20009aeb     0x1  Data  Lc  mac_handle.o [8]
mac_rx_handler::fram_head_len
                        0x200001c0     0x1  Data  Lc  mac_handle.o [8]
mac_rx_handler::frm_buff
                        0x20009794    0x80  Data  Lc  mac_handle.o [8]
mac_rx_handler::frm_flag
                        0x20009aea     0x1  Data  Lc  mac_handle.o [8]
mac_rx_handler::frm_len
                        0x20009ae9     0x1  Data  Lc  mac_handle.o [8]
mac_status_info_send    0x00015e81    0xe6  Code  Lc  mac_handle.o [8]
mac_time_handler        0x000158ed    0x6e  Code  Lc  mac_handle.o [8]
mac_time_handler::pre_time_ms
                        0x20009a94     0x4  Data  Lc  mac_handle.o [8]
mac_timeout_id          0x20009ae8     0x1  Data  Lc  mac_handle.o [8]
mac_tx_fix              0x00015f69    0xe2  Code  Lc  mac_handle.o [8]
mac_tx_handler          0x0001595b    0x68  Code  Lc  mac_handle.o [8]
main                    0x00017879    0x64  Code  Gb  init.o [1]
mem_clr                 0x0000b087     0x8  Code  Gb  memory.o [5]
mem_cpy                 0x0000b08f     0x8  Code  Gb  memory.o [5]
mem_set                 0x0000b07d     0xa  Code  Gb  memory.o [5]
memchr                  0x00012bd5          Code  Gb  memchr.o [6]
memory_init             0x0000af69    0x16  Code  Gb  memory.o [5]
ndigs                   0x00012134    0x28  Data  Lc  iar_Stoulx.o [3]
nwk_param               0x200099f8     0x8  Data  Gb  mac_handle.o [8]
osel_event_clear        0x0000bd2f    0x90  Code  Gb  osel_event.o [5]
osel_event_create       0x0000bb67    0x72  Code  Gb  osel_event.o [5]
osel_event_init         0x0000bb31    0x36  Code  Gb  osel_event.o [5]
osel_event_set          0x0000bc87    0xa8  Code  Gb  osel_event.o [5]
osel_event_wait         0x0000bbd9    0xae  Code  Gb  osel_event.o [5]
osel_idle_task_hook     0x0000c29b    0x26  Code  Gb  osel_task.o [5]
osel_init               0x00017961    0x20  Code  Gb  osel_kernel.o [5]
osel_start              0x00017981     0x8  Code  Gb  osel_kernel.o [5]
osel_systick_init       0x00017989     0xc  Code  Gb  osel_kernel.o [5]
osel_task_create        0x0000c19f    0xbc  Code  Gb  osel_task.o [5]
osel_task_idle_hook     0x2000993c    0x18  Data  Lc  osel_task.o [5]
osel_task_idle_hook_reg
                        0x0000c28b    0x10  Code  Gb  osel_task.o [5]
osel_task_init          0x0000c169    0x36  Code  Gb  osel_task.o [5]
osel_task_resume        0x0000c273    0x18  Code  Gb  osel_task.o [5]
osel_task_suspend       0x0000c25b    0x18  Code  Gb  osel_task.o [5]
overflow_interrupt_handler
                        0x00016649    0x14  Code  Gb  hal_stimer.o [5]
p_mac_slot_describe     0x20009ac8     0x4  Data  Gb  mac_slot.o [8]
p_nmea_gps_msg          0x200098a4    0x3c  Data  Lc  app_gps.o [1]
p_recv_rf_frm           0x20009a54     0x4  Data  Lc  test.o [1]
p_rf_frm                0x20009a44     0x4  Data  Lc  test.o [1]
p_rf_frm1               0x20009a48     0x4  Data  Lc  test.o [1]
p_rf_frm2               0x20009a4c     0x4  Data  Lc  test.o [1]
p_timer                 0x000189c8    0x10  Data  Gb  hal_timer.o [5]
p_timer_ctrl            0x000189d8    0x10  Data  Gb  hal_timer.o [5]
pg_device_info          0x20009a34     0x4  Data  Lc  device.o [1]
plat_dbg_assert         0x0000a6d3    0x44  Code  Gb  debug.o [5]
plat_dbg_print          0x0000a64d    0x86  Code  Gb  debug.o [5]
pool_alloc              0x0000b023    0x32  Code  Gb  memory.o [5]
pool_create             0x0000afb5    0x6e  Code  Gb  memory.o [5]
pool_free               0x0000b055    0x28  Code  Gb  memory.o [5]
prev_state              0x20009ae7     0x1  Data  Lc  hal_rf.o [5]
queue_init              0x0000dd15    0x28  Code  Gb  queue.o [5]
queue_length            0x0000dd3d    0x24  Code  Gb  queue.o [5]
queued_timer            0x20009a18     0x8  Data  Gb  hal_stimer.o [5]
radio_rx_id             0x20009ae2     0x1  Data  Lc  test.o [1]
read_multibyte_i2c      0x00017059    0x32  Code  Gb  hal_i2c.o [5]
rf_cfg                  0x0000b71d    0x52  Code  Lc  hal_rf.o [5]
rf_cfg_int              0x0000b775    0x56  Code  Lc  hal_rf.o [5]
rf_default_reg_array    0x00017478   0x118  Data  Gb  hal_rf.o [5]
rf_int_reg              0x2000999c    0x10  Data  Lc  hal_rf.o [5]
rf_read_reg             0x0000b6a1    0x7c  Code  Lc  hal_rf.o [5]
rf_reg_int              0x0000b7cb    0x36  Code  Lc  hal_rf.o [5]
rf_reg_value            0x2000985c    0x48  Data  Lc  hal_rf.o [5]
rf_unreg_int            0x0000b801    0x1e  Code  Lc  hal_rf.o [5]
rf_write_reg            0x0000b631    0x64  Code  Lc  hal_rf.o [5]
rtc_day_of_week         0x000155b5    0x70  Code  Gb  hal_rtc.o [5]
scalbln                 0x00012ea1          Code  Gb  ldexp.o [4]
scalblnl                0x00012ea1          Code  Gb  ldexp.o [4]
scalbn                  0x00012ea1          Code  Gb  ldexp.o [4]
scalbnl                 0x00012ea1          Code  Gb  ldexp.o [4]
scale                   0x00011695    0x46  Code  Lc  xprintffull.o [3]
sec_hand                0x20009acc     0x4  Data  Lc  xfail_s.o [3]
sensor_event_h          0x20009a88     0x4  Data  Gb  sensor.o [7]
sensor_handler          0x0001742b    0x22  Code  Gb  sensor.o [7]
sensor_init             0x00017349    0x5c  Code  Gb  sensor.o [7]
sensor_task_h           0x20009a84     0x4  Data  Gb  sensor.o [7]
sensor_timeout_callback
                        0x000173fd    0x2e  Code  Lc  sensor.o [7]
sensor_timeout_id       0x20009ae6     0x1  Data  Lc  sensor.o [7]
set_fake_timer          0x000160d1    0x1e  Code  Gb  mac_slot.o [8]
set_next_timer          0x000165d3    0x76  Code  Gb  hal_stimer.o [5]
set_of_timer            0x000165c5     0xe  Code  Gb  hal_stimer.o [5]
set_slot_timer          0x000160ef   0x10c  Code  Gb  mac_slot.o [8]
sigma_all_slot          0x000160a1    0x30  Code  Gb  mac_slot.o [8]
sprintf                 0x0000ce95    0x40  Code  Gb  sprintf.o [3]
srand                   0x0000ea05     0xa  Code  Gb  rand.o [3]
sscanf                  0x0000b0e9    0x28  Code  Gb  sscanf.o [3]
stack_cfg_func          0x20009a70     0x4  Data  Lc  stack.o [8]
stack_config            0x0001535f     0xc  Code  Gb  stack.o [8]
stack_config_handle     0x0001536b    0x12  Code  Gb  stack.o [8]
stack_data0_tx_q        0x200099d8     0x8  Data  Gb  stack.o [8]
stack_data1_tx_q        0x200099e0     0x8  Data  Gb  stack.o [8]
stack_data_rx_q         0x200099e8     0x8  Data  Gb  stack.o [8]
stack_data_tx_q         0x20009a78     0x4  Data  Lc  stack.o [8]
stack_event_h           0x20009a68     0x4  Data  Gb  stack.o [8]
stack_gps_pulse_callback
                        0x00015305    0x14  Code  Lc  stack.o [8]
stack_indicate          0x00015341     0xc  Code  Gb  stack.o [8]
stack_indicate_func     0x20009a6c     0x4  Data  Lc  stack.o [8]
stack_indicate_handle   0x0001534d    0x12  Code  Gb  stack.o [8]
stack_init              0x00015245    0x5a  Code  Gb  stack.o [8]
stack_lora_recv_callback
                        0x0001532d    0x14  Code  Lc  stack.o [8]
stack_priv_list_cfg     0x0001537d     0xa  Code  Gb  stack.o [8]
stack_priv_list_get_handle
                        0x00015387     0x6  Code  Gb  stack.o [8]
stack_priv_list_send_cfg
                        0x0001538d     0xc  Code  Gb  stack.o [8]
stack_priv_list_send_handle
                        0x00015399    0x12  Code  Gb  stack.o [8]
stack_send_func         0x20009a74     0x4  Data  Lc  stack.o [8]
stack_task_h            0x20009a64     0x4  Data  Gb  stack.o [8]
stack_tx_event          0x00015319    0x14  Code  Gb  stack.o [8]
stack_uart_lora_irq_enable_callback
                        0x000152f5    0x10  Code  Gb  stack.o [8]
strchr                  0x0000e221          Code  Gb  strchr.o [6]
strlen                  0x0000c2c9          Code  Gb  strlen.o [6]
strstr                  0x0000b097    0x2c  Code  Gb  strstr.o [3]
strtol                  0x00011feb     0x4  Code  Gb  iar_Stolx.o [3]
strtoul                 0x00012105     0x2  Code  Gb  iar_Stoulx.o [3]
sw_time                 0x20009ad6     0x2  Data  Gb  hal_stimer.o [5]
syn_time                0x200099c4     0xc  Data  Gb  mac_slot.o [8]
systemStack             0x20009af8   0x200  Data  Lc  startup_msp432p401r_ewarm.o [5]
task_pool               0x20009a60     0x4  Data  Lc  osel_task.o [5]
test_aux_handler        0x0000a465   0x110  Code  Lc  test.o [1]
test_cb                 0x20009a50     0x4  Data  Lc  test.o [1]
test_config_handler     0x00008849    0xd4  Code  Lc  test.o [1]
test_dsss_handler       0x000080e5   0x2b6  Code  Lc  test.o [1]
test_dsss_recv          0x000095f9   0x630  Code  Lc  test.o [1]
test_dsss_recv_cb       0x000094ed    0xe2  Code  Lc  test.o [1]
test_dsss_script        0x00008fd5   0x25c  Code  Lc  test.o [1]
test_dsss_script::test_dsss
                        0x2000997c    0x10  Data  Lc  test.o [1]
test_dsss_send          0x0000927d   0x25e  Code  Lc  test.o [1]
test_dsss_send_cb       0x00009235    0x12  Code  Lc  test.o [1]
test_event_h            0x20009a3c     0x4  Data  Lc  test.o [1]
test_fram_handler       0x00009f11   0x1a6  Code  Lc  test.o [1]
test_gpio_handler       0x00009c3d   0x1dc  Code  Lc  test.o [1]
test_graph_ip_handler   0x0000a0e7    0xe6  Code  Lc  test.o [1]
test_handler            0x00008971   0x1ea  Code  Gb  test.o [1]
test_hw_handler         0x0000a2cd    0xa0  Code  Lc  test.o [1]
test_init               0x00008921    0x2a  Code  Gb  test.o [1]
test_misc_handler       0x0000839b   0x184  Code  Lc  test.o [1]
test_power_manage_handler
                        0x00009e19    0x72  Code  Lc  test.o [1]
test_rf_timeout_id      0x20009ad2     0x2  Data  Lc  test.o [1]
test_trigger            0x0000894b    0x1a  Code  Gb  test.o [1]
test_uart_rx_cb         0x00008bc9   0x3de  Code  Lc  test.o [1]
test_uart_rx_cb::i      0x20009ad4     0x2  Data  Lc  test.o [1]
test_zdsx_bd_handler    0x0000a1ff    0xc8  Code  Lc  test.o [1]
timer_reg               0x200098e0    0x34  Data  Lc  hal_timer.o [5]
timer_slot_cb           0x000161fd    0x1e  Code  Lc  mac_slot.o [8]
tolower                 0x0001304f    0x14  Code  Gb  tolower.o [3]
uart_buf                0x20009a40     0x4  Data  Lc  test.o [1]
uart_entity             0x20009814    0x48  Data  Lc  hal_uart.o [5]
uart_state              0x20009ae3     0x1  Data  Lc  test.o [1]
vsprintf                0x0000ced5    0x38  Code  Gb  vsprintf.o [3]
write_i2c               0x0001708b     0xe  Code  Gb  hal_i2c.o [5]
zdsx_bd_tc_print        0x0000a1dd    0x22  Code  Lc  test.o [1]


[1] = E:\MovingTrackStroeFile\MovingTrackStroeProject\src\app\proj\Debug\Obj
[2] = command line
[3] = dl7M_tlf.a
[4] = m7M_tls.a
[5] = platform.a
[6] = rt7M_tl.a
[7] = sensor.a
[8] = stack.a

  62 618 bytes of readonly  code memory
   7 018 bytes of readonly  data memory
  40 180 bytes of readwrite data memory

Errors: none
Warnings: none
